[INFO] Scanning for projects...
[INFO] 
[INFO] ----------------< com.example:order-processing-service >----------------
[INFO] Building Dynamic Order Processing Service 0.0.1-SNAPSHOT
[INFO]   from pom.xml
[INFO] --------------------------------[ jar ]---------------------------------
[INFO] 
[INFO] --- clean:3.3.2:clean (default-clean) @ order-processing-service ---
[INFO] Deleting C:\Users\User\Desktop\apps\repos\ecom-order-processing\target
[INFO] 
[INFO] --- jacoco:0.8.12:prepare-agent (prepare-agent) @ order-processing-service ---
[INFO] argLine set to -javaagent:C:\\Users\\User\\.m2\\repository\\org\\jacoco\\org.jacoco.agent\\0.8.12\\org.jacoco.agent-0.8.12-runtime.jar=destfile=C:\\Users\\User\\Desktop\\apps\\repos\\ecom-order-processing\\target\\jacoco.exec
[INFO] 
[INFO] --- resources:3.3.1:resources (default-resources) @ order-processing-service ---
[INFO] Copying 1 resource from src\main\resources to target\classes
[INFO] Copying 0 resource from src\main\resources to target\classes
[INFO] 
[INFO] --- compiler:3.13.0:compile (default-compile) @ order-processing-service ---
[INFO] Recompiling the module because of changed source code.
[INFO] Compiling 96 source files with javac [debug parameters release 21] to target\classes
[INFO] 
[INFO] --- resources:3.3.1:testResources (default-testResources) @ order-processing-service ---
[INFO] Copying 1 resource from src\test\resources to target\test-classes
[INFO] 
[INFO] --- compiler:3.13.0:testCompile (default-testCompile) @ order-processing-service ---
[INFO] Recompiling the module because of changed dependency.
[INFO] Compiling 31 source files with javac [debug parameters release 21] to target\test-classes
[INFO] 
[INFO] --- surefire:3.2.5:test (default-test) @ order-processing-service ---
[INFO] Using auto detected provider org.apache.maven.surefire.junitplatform.JUnitPlatformProvider
[INFO] 
[INFO] -------------------------------------------------------
[INFO]  T E S T S
[INFO] -------------------------------------------------------
[INFO] Running com.example.orderprocessing.integration.CircuitBreakerIntegrationTest
[INFO] Tests run: 11, Failures: 0, Errors: 0, Skipped: 0, Time elapsed: 1.185 s -- in com.example.orderprocessing.integration.CircuitBreakerIntegrationTest
[INFO] Running com.example.orderprocessing.OrderProcessingApplicationTest
15:35:52.488 [main] INFO org.springframework.test.context.support.AnnotationConfigContextLoaderUtils -- Could not detect default configuration classes for test class [com.example.orderprocessing.OrderProcessingApplicationTest]: OrderProcessingApplicationTest does not declare any static, non-private, non-final, nested classes annotated with @Configuration.
15:35:52.690 [main] INFO org.springframework.boot.test.context.SpringBootTestContextBootstrapper -- Found @SpringBootConfiguration com.example.orderprocessing.OrderProcessingApplication for test class com.example.orderprocessing.OrderProcessingApplicationTest

  .   ____          _            __ _ _
 /\\ / ___'_ __ _ _(_)_ __  __ _ \ \ \ \
( ( )\___ | '_ | '_| | '_ \/ _` | \ \ \ \
 \\/  ___)| |_)| | | | | || (_| |  ) ) ) )
  '  |____| .__|_| |_|_| |_\__, | / / / /
 =========|_|==============|___/=/_/_/_/
 :: Spring Boot ::                (v3.2.5)

2026-05-15T15:35:53.620+04:00  INFO 20160 --- [           main] c.e.o.OrderProcessingApplicationTest     : Starting OrderProcessingApplicationTest using Java 21.0.11 with PID 20160 (started by User in C:\Users\User\Desktop\apps\repos\ecom-order-processing)
2026-05-15T15:35:53.622+04:00  INFO 20160 --- [           main] c.e.o.OrderProcessingApplicationTest     : The following 1 profile is active: "test"
2026-05-15T15:35:55.452+04:00  INFO 20160 --- [           main] .s.d.r.c.RepositoryConfigurationDelegate : Multiple Spring Data modules found, entering strict repository configuration mode
2026-05-15T15:35:55.457+04:00  INFO 20160 --- [           main] .s.d.r.c.RepositoryConfigurationDelegate : Bootstrapping Spring Data JPA repositories in DEFAULT mode.
2026-05-15T15:35:55.821+04:00  INFO 20160 --- [           main] .s.d.r.c.RepositoryConfigurationDelegate : Finished Spring Data repository scanning in 351 ms. Found 3 JPA repository interfaces.
mvn : WARNING: A Java agent has been loaded dynamically (C:\Users\User\.m2\repository\net\bytebuddy\byte-buddy-agent\1.14.13\byte-buddy-agent-1.14.13.jar)
строка:1 знак:181
+ ... n;' + $env:PATH; mvn clean verify --no-transfer-progress 2>&1 | Tee-O ...
+                      ~~~~~~~~~~~~~~~~~~~~~~~~~~~~~~~~~~~~~~~~~~~~
    + CategoryInfo          : NotSpecified: (WARNING: A Java...nt-1.14.13.jar):String) [], RemoteException
    + FullyQualifiedErrorId : NativeCommandError
 
WARNING: If a serviceability tool is in use, please run with -XX:+EnableDynamicAgentLoading to hide this warning
WARNING: If a serviceability tool is not in use, please run with -Djdk.instrument.traceUsage for more information
WARNING: Dynamic loading of agents will be disallowed by default in a future release
Java HotSpot(TM) 64-Bit Server VM warning: Sharing is only supported for boot loader classes because bootstrap classpath has been appended
2026-05-15T15:35:59.980+04:00  INFO 20160 --- [           main] o.hibernate.jpa.internal.util.LogHelper  : HHH000204: Processing PersistenceUnitInfo [name: default]
2026-05-15T15:36:00.170+04:00  INFO 20160 --- [           main] org.hibernate.Version                    : HHH000412: Hibernate ORM core version 6.4.4.Final
2026-05-15T15:36:00.305+04:00  INFO 20160 --- [           main] o.h.c.internal.RegionFactoryInitiator    : HHH000026: Second-level cache disabled
2026-05-15T15:36:00.711+04:00  INFO 20160 --- [           main] o.s.o.j.p.SpringPersistenceUnitInfo      : No LoadTimeWeaver setup: ignoring JPA class transformer
2026-05-15T15:36:00.809+04:00  INFO 20160 --- [           main] com.zaxxer.hikari.HikariDataSource       : HikariPool-1 - Starting...
2026-05-15T15:36:01.452+04:00  INFO 20160 --- [           main] com.zaxxer.hikari.pool.HikariPool        : HikariPool-1 - Added connection conn0: url=jdbc:h2:mem:orderprocessing_test user=SA
2026-05-15T15:36:01.458+04:00  INFO 20160 --- [           main] com.zaxxer.hikari.HikariDataSource       : HikariPool-1 - Start completed.
2026-05-15T15:36:01.557+04:00  WARN 20160 --- [           main] org.hibernate.orm.deprecation            : HHH90000025: H2Dialect does not need to be specified explicitly using 'hibernate.dialect' (remove the property setting and it will be selected by default)
2026-05-15T15:36:03.825+04:00  INFO 20160 --- [           main] o.h.e.t.j.p.i.JtaPlatformInitiator       : HHH000489: No JTA platform available (set 'hibernate.transaction.jta.platform' to enable JTA platform integration)
2026-05-15T15:36:03.956+04:00  INFO 20160 --- [           main] j.LocalContainerEntityManagerFactoryBean : Initialized JPA EntityManagerFactory for persistence unit 'default'
2026-05-15T15:36:04.912+04:00  INFO 20160 --- [           main] o.s.d.j.r.query.QueryEnhancerFactory     : Hibernate is in classpath; If applicable, HQL parser will be used.
2026-05-15T15:36:09.195+04:00  INFO 20160 --- [           main] c.e.o.OrderProcessingApplicationTest     : Started OrderProcessingApplicationTest in 16.237 seconds (process running for 19.83)
[INFO] Tests run: 1, Failures: 0, Errors: 0, Skipped: 0, Time elapsed: 16.95 s -- in com.example.orderprocessing.OrderProcessingApplicationTest
[INFO] Running com.example.orderprocessing.slice.api.OrderControllerTest
2026-05-15T15:36:09.251+04:00  INFO 20160 --- [           main] t.c.s.AnnotationConfigContextLoaderUtils : Could not detect default configuration classes for test class [com.example.orderprocessing.slice.api.OrderControllerTest]: OrderControllerTest does not declare any static, non-private, non-final, nested classes annotated with @Configuration.
2026-05-15T15:36:09.299+04:00  INFO 20160 --- [           main] .b.t.c.SpringBootTestContextBootstrapper : Found @SpringBootConfiguration com.example.orderprocessing.OrderProcessingApplication for test class com.example.orderprocessing.slice.api.OrderControllerTest

  .   ____          _            __ _ _
 /\\ / ___'_ __ _ _(_)_ __  __ _ \ \ \ \
( ( )\___ | '_ | '_| | '_ \/ _` | \ \ \ \
 \\/  ___)| |_)| | | | | || (_| |  ) ) ) )
  '  |____| .__|_| |_|_| |_\__, | / / / /
 =========|_|==============|___/=/_/_/_/
 :: Spring Boot ::                (v3.2.5)

2026-05-15T15:36:09.389+04:00  INFO 20160 --- [           main] c.e.o.slice.api.OrderControllerTest      : Starting OrderControllerTest using Java 21.0.11 with PID 20160 (started by User in C:\Users\User\Desktop\apps\repos\ecom-order-processing)
2026-05-15T15:36:09.390+04:00  INFO 20160 --- [           main] c.e.o.slice.api.OrderControllerTest      : No active profile set, falling back to 1 default profile: "default"
2026-05-15T15:36:11.113+04:00  INFO 20160 --- [           main] o.s.b.t.m.w.SpringBootMockServletContext : Initializing Spring TestDispatcherServlet ''
2026-05-15T15:36:11.114+04:00  INFO 20160 --- [           main] o.s.t.web.servlet.TestDispatcherServlet  : Initializing Servlet ''
2026-05-15T15:36:11.115+04:00  INFO 20160 --- [           main] o.s.t.web.servlet.TestDispatcherServlet  : Completed initialization in 1 ms
2026-05-15T15:36:11.151+04:00  INFO 20160 --- [           main] c.e.o.slice.api.OrderControllerTest      : Started OrderControllerTest in 1.822 seconds (process running for 21.789)
[INFO] Tests run: 14, Failures: 0, Errors: 0, Skipped: 0, Time elapsed: 3.384 s -- in com.example.orderprocessing.slice.api.OrderControllerTest
[INFO] Running com.example.orderprocessing.slice.cache.RedisOrderCacheTest
2026-05-15T15:36:17.842+04:00  INFO 20160 --- [           main] redis.embedded.AbstractRedisInstance     : Stopping redis server...
2026-05-15T15:36:17.849+04:00  INFO 20160 --- [           main] redis.embedded.AbstractRedisInstance     : Redis exited
[INFO] Tests run: 10, Failures: 0, Errors: 0, Skipped: 0, Time elapsed: 5.209 s -- in com.example.orderprocessing.slice.cache.RedisOrderCacheTest
[INFO] Running com.example.orderprocessing.slice.persistence.JpaIdempotencyStoreTest
2026-05-15T15:36:17.855+04:00  INFO 20160 --- [           main] t.c.s.AnnotationConfigContextLoaderUtils : Could not detect default configuration classes for test class [com.example.orderprocessing.slice.persistence.JpaIdempotencyStoreTest]: JpaIdempotencyStoreTest does not declare any static, non-private, non-final, nested classes annotated with @Configuration.
2026-05-15T15:36:17.892+04:00  INFO 20160 --- [           main] .b.t.c.SpringBootTestContextBootstrapper : Found @SpringBootConfiguration com.example.orderprocessing.OrderProcessingApplication for test class com.example.orderprocessing.slice.persistence.JpaIdempotencyStoreTest

  .   ____          _            __ _ _
 /\\ / ___'_ __ _ _(_)_ __  __ _ \ \ \ \
( ( )\___ | '_ | '_| | '_ \/ _` | \ \ \ \
 \\/  ___)| |_)| | | | | || (_| |  ) ) ) )
  '  |____| .__|_| |_|_| |_\__, | / / / /
 =========|_|==============|___/=/_/_/_/
 :: Spring Boot ::                (v3.2.5)

2026-05-15T15:36:17.961+04:00  INFO 20160 --- [           main] c.e.o.s.p.JpaIdempotencyStoreTest        : Starting JpaIdempotencyStoreTest using Java 21.0.11 with PID 20160 (started by User in C:\Users\User\Desktop\apps\repos\ecom-order-processing)
2026-05-15T15:36:17.961+04:00  INFO 20160 --- [           main] c.e.o.s.p.JpaIdempotencyStoreTest        : The following 1 profile is active: "test"
2026-05-15T15:36:18.200+04:00  INFO 20160 --- [           main] .s.d.r.c.RepositoryConfigurationDelegate : Multiple Spring Data modules found, entering strict repository configuration mode
2026-05-15T15:36:18.200+04:00  INFO 20160 --- [           main] .s.d.r.c.RepositoryConfigurationDelegate : Bootstrapping Spring Data JPA repositories in DEFAULT mode.
2026-05-15T15:36:18.237+04:00  INFO 20160 --- [           main] .s.d.r.c.RepositoryConfigurationDelegate : Finished Spring Data repository scanning in 35 ms. Found 3 JPA repository interfaces.
2026-05-15T15:36:18.260+04:00  INFO 20160 --- [           main] beddedDataSourceBeanFactoryPostProcessor : Replacing 'dataSource' DataSource bean with embedded version
2026-05-15T15:36:18.315+04:00  INFO 20160 --- [           main] o.s.j.d.e.EmbeddedDatabaseFactory        : Starting embedded database: url='jdbc:h2:mem:4f2bbaf2-9e2b-42c2-8d1f-0089685b0eba;DB_CLOSE_DELAY=-1;DB_CLOSE_ON_EXIT=false', username='sa'
2026-05-15T15:36:18.362+04:00  INFO 20160 --- [           main] o.hibernate.jpa.internal.util.LogHelper  : HHH000204: Processing PersistenceUnitInfo [name: default]
2026-05-15T15:36:18.366+04:00  INFO 20160 --- [           main] o.h.c.internal.RegionFactoryInitiator    : HHH000026: Second-level cache disabled
2026-05-15T15:36:18.382+04:00  INFO 20160 --- [           main] o.s.o.j.p.SpringPersistenceUnitInfo      : No LoadTimeWeaver setup: ignoring JPA class transformer
2026-05-15T15:36:18.388+04:00  WARN 20160 --- [           main] org.hibernate.orm.deprecation            : HHH90000025: H2Dialect does not need to be specified explicitly using 'hibernate.dialect' (remove the property setting and it will be selected by default)
2026-05-15T15:36:18.565+04:00  INFO 20160 --- [           main] o.h.e.t.j.p.i.JtaPlatformInitiator       : HHH000489: No JTA platform available (set 'hibernate.transaction.jta.platform' to enable JTA platform integration)
Hibernate: 
    drop table if exists idempotency_records cascade 
Hibernate: 
    drop table if exists order_items cascade 
Hibernate: 
    drop table if exists order_status_events cascade 
Hibernate: 
    drop table if exists orders cascade 
Hibernate: 
    create table idempotency_records (
        created_at timestamp(6) with time zone not null,
        order_id UUID not null,
        "key" varchar(255) not null,
        primary key ("key")
    )
Hibernate: 
    create table order_items (
        currency varchar(3) not null,
        quantity integer not null,
        unit_price_amount numeric(19,4) not null,
        id UUID not null,
        order_id UUID not null,
        sku varchar(255) not null,
        primary key (id)
    )
Hibernate: 
    create table order_status_events (
        at timestamp(6) with time zone not null,
        id UUID not null,
        order_id UUID not null,
        from_status varchar(20),
        to_status varchar(20) not null,
        reason varchar(1000),
        actor varchar(255) not null,
        primary key (id)
    )
Hibernate: 
    create table orders (
        currency varchar(3) not null,
        discount_total_amount numeric(19,4) not null,
        grand_total_amount numeric(19,4) not null,
        shipping_total_amount numeric(19,4) not null,
        subtotal_amount numeric(19,4) not null,
        tax_total_amount numeric(19,4) not null,
        created_at timestamp(6) with time zone not null,
        updated_at timestamp(6) with time zone not null,
        version bigint not null,
        id UUID not null,
        status varchar(20) not null,
        failure_reason varchar(1000),
        idempotency_key varchar(255),
        primary key (id),
        constraint uq_orders_idempotency_key unique (idempotency_key)
    )
Hibernate: 
    alter table if exists order_items 
       add constraint FKbioxgbv59vetrxe0ejfubep1w 
       foreign key (order_id) 
       references orders
2026-05-15T15:36:18.576+04:00  INFO 20160 --- [           main] j.LocalContainerEntityManagerFactoryBean : Initialized JPA EntityManagerFactory for persistence unit 'default'
2026-05-15T15:36:18.689+04:00  INFO 20160 --- [           main] c.e.o.s.p.JpaIdempotencyStoreTest        : Started JpaIdempotencyStoreTest in 0.787 seconds (process running for 29.325)
Hibernate: 
    select
        irje1_0."key",
        irje1_0.created_at,
        irje1_0.order_id 
    from
        idempotency_records irje1_0 
    where
        irje1_0."key"=?
Hibernate: 
    insert 
    into
        idempotency_records
        (created_at, order_id, "key") 
    values
        (?, ?, ?)
Hibernate: 
    select
        irje1_0."key",
        irje1_0.created_at,
        irje1_0.order_id 
    from
        idempotency_records irje1_0 
    where
        irje1_0."key"=?
Hibernate: 
    select
        irje1_0."key",
        irje1_0.created_at,
        irje1_0.order_id 
    from
        idempotency_records irje1_0 
    where
        irje1_0."key"=?
Hibernate: 
    insert 
    into
        idempotency_records
        (created_at, order_id, "key") 
    values
        (?, ?, ?)
Hibernate: 
    select
        irje1_0."key",
        irje1_0.created_at,
        irje1_0.order_id 
    from
        idempotency_records irje1_0 
    where
        irje1_0."key"=?
Hibernate: 
    select
        irje1_0."key",
        irje1_0.created_at,
        irje1_0.order_id 
    from
        idempotency_records irje1_0 
    where
        irje1_0."key"=?
Hibernate: 
    insert 
    into
        idempotency_records
        (created_at, order_id, "key") 
    values
        (?, ?, ?)
Hibernate: 
    select
        irje1_0."key",
        irje1_0.created_at,
        irje1_0.order_id 
    from
        idempotency_records irje1_0 
    where
        irje1_0."key"=?
Hibernate: 
    insert 
    into
        idempotency_records
        (created_at, order_id, "key") 
    values
        (?, ?, ?)
Hibernate: 
    select
        irje1_0."key",
        irje1_0.created_at,
        irje1_0.order_id 
    from
        idempotency_records irje1_0 
    where
        irje1_0."key"=?
Hibernate: 
    select
        irje1_0."key",
        irje1_0.created_at,
        irje1_0.order_id 
    from
        idempotency_records irje1_0 
    where
        irje1_0."key"=?
Hibernate: 
    insert 
    into
        idempotency_records
        (created_at, order_id, "key") 
    values
        (?, ?, ?)
Hibernate: 
    select
        irje1_0."key",
        irje1_0.created_at,
        irje1_0.order_id 
    from
        idempotency_records irje1_0 
    where
        irje1_0."key"=?
Hibernate: 
    insert 
    into
        idempotency_records
        (created_at, order_id, "key") 
    values
        (?, ?, ?)
Hibernate: 
    select
        irje1_0."key",
        irje1_0.created_at,
        irje1_0.order_id 
    from
        idempotency_records irje1_0 
    where
        irje1_0."key"=?
Hibernate: 
    select
        irje1_0."key",
        irje1_0.created_at,
        irje1_0.order_id 
    from
        idempotency_records irje1_0 
    where
        irje1_0."key"=?
Hibernate: 
    insert 
    into
        idempotency_records
        (created_at, order_id, "key") 
    values
        (?, ?, ?)
Hibernate: 
    insert 
    into
        idempotency_records
        (created_at, order_id, "key") 
    values
        (?, ?, ?)
Hibernate: 
    select
        irje1_0."key",
        irje1_0.created_at,
        irje1_0.order_id 
    from
        idempotency_records irje1_0 
    where
        irje1_0."key"=?
Hibernate: 
    select
        irje1_0."key",
        irje1_0.created_at,
        irje1_0.order_id 
    from
        idempotency_records irje1_0 
    where
        irje1_0."key"=?
[INFO] Tests run: 8, Failures: 0, Errors: 0, Skipped: 0, Time elapsed: 1.449 s -- in com.example.orderprocessing.slice.persistence.JpaIdempotencyStoreTest
[INFO] Running com.example.orderprocessing.slice.persistence.JpaOrderRepositoryTest
2026-05-15T15:36:19.309+04:00  INFO 20160 --- [           main] t.c.s.AnnotationConfigContextLoaderUtils : Could not detect default configuration classes for test class [com.example.orderprocessing.slice.persistence.JpaOrderRepositoryTest]: JpaOrderRepositoryTest does not declare any static, non-private, non-final, nested classes annotated with @Configuration.
2026-05-15T15:36:19.325+04:00  INFO 20160 --- [           main] .b.t.c.SpringBootTestContextBootstrapper : Found @SpringBootConfiguration com.example.orderprocessing.OrderProcessingApplication for test class com.example.orderprocessing.slice.persistence.JpaOrderRepositoryTest
Hibernate: 
    select
        oje1_0.id,
        oje1_0.created_at,
        oje1_0.currency,
        oje1_0.discount_total_amount,
        oje1_0.failure_reason,
        oje1_0.grand_total_amount,
        oje1_0.idempotency_key,
        oje1_0.shipping_total_amount,
        oje1_0.status,
        oje1_0.subtotal_amount,
        oje1_0.tax_total_amount,
        oje1_0.updated_at,
        oje1_0.version 
    from
        orders oje1_0 
    where
        oje1_0.id=?
Hibernate: 
    select
        oseje1_0.id,
        oseje1_0.actor,
        oseje1_0.at,
        oseje1_0.from_status,
        oseje1_0.order_id,
        oseje1_0.reason,
        oseje1_0.to_status 
    from
        order_status_events oseje1_0 
    where
        oseje1_0.id=?
Hibernate: 
    insert 
    into
        orders
        (created_at, currency, discount_total_amount, failure_reason, grand_total_amount, idempotency_key, shipping_total_amount, status, subtotal_amount, tax_total_amount, updated_at, version, id) 
    values
        (?, ?, ?, ?, ?, ?, ?, ?, ?, ?, ?, ?, ?)
Hibernate: 
    insert 
    into
        order_items
        (currency, order_id, quantity, sku, unit_price_amount, id) 
    values
        (?, ?, ?, ?, ?, ?)
Hibernate: 
    insert 
    into
        order_status_events
        (actor, at, from_status, order_id, reason, to_status, id) 
    values
        (?, ?, ?, ?, ?, ?, ?)
Hibernate: 
    select
        oseje1_0.id,
        oseje1_0.actor,
        oseje1_0.at,
        oseje1_0.from_status,
        oseje1_0.order_id,
        oseje1_0.reason,
        oseje1_0.to_status 
    from
        order_status_events oseje1_0 
    where
        oseje1_0.order_id=? 
    order by
        oseje1_0.at
Hibernate: 
    select
        oje1_0.id,
        oje1_0.created_at,
        oje1_0.currency,
        oje1_0.discount_total_amount,
        oje1_0.failure_reason,
        oje1_0.grand_total_amount,
        oje1_0.idempotency_key,
        oje1_0.shipping_total_amount,
        oje1_0.status,
        oje1_0.subtotal_amount,
        oje1_0.tax_total_amount,
        oje1_0.updated_at,
        oje1_0.version 
    from
        orders oje1_0 
    where
        oje1_0.id=?
Hibernate: 
    select
        oseje1_0.id,
        oseje1_0.actor,
        oseje1_0.at,
        oseje1_0.from_status,
        oseje1_0.order_id,
        oseje1_0.reason,
        oseje1_0.to_status 
    from
        order_status_events oseje1_0 
    where
        oseje1_0.id=?
Hibernate: 
    insert 
    into
        orders
        (created_at, currency, discount_total_amount, failure_reason, grand_total_amount, idempotency_key, shipping_total_amount, status, subtotal_amount, tax_total_amount, updated_at, version, id) 
    values
        (?, ?, ?, ?, ?, ?, ?, ?, ?, ?, ?, ?, ?)
Hibernate: 
    insert 
    into
        order_items
        (currency, order_id, quantity, sku, unit_price_amount, id) 
    values
        (?, ?, ?, ?, ?, ?)
Hibernate: 
    insert 
    into
        order_status_events
        (actor, at, from_status, order_id, reason, to_status, id) 
    values
        (?, ?, ?, ?, ?, ?, ?)
Hibernate: 
    select
        oseje1_0.id,
        oseje1_0.actor,
        oseje1_0.at,
        oseje1_0.from_status,
        oseje1_0.order_id,
        oseje1_0.reason,
        oseje1_0.to_status 
    from
        order_status_events oseje1_0 
    where
        oseje1_0.order_id=? 
    order by
        oseje1_0.at
Hibernate: 
    select
        oje1_0.id,
        oje1_0.created_at,
        oje1_0.currency,
        oje1_0.discount_total_amount,
        oje1_0.failure_reason,
        oje1_0.grand_total_amount,
        oje1_0.idempotency_key,
        oje1_0.shipping_total_amount,
        oje1_0.status,
        oje1_0.subtotal_amount,
        oje1_0.tax_total_amount,
        oje1_0.updated_at,
        oje1_0.version 
    from
        orders oje1_0 
    where
        oje1_0.id=?
Hibernate: 
    select
        oje1_0.id,
        oje1_0.created_at,
        oje1_0.currency,
        oje1_0.discount_total_amount,
        oje1_0.failure_reason,
        oje1_0.grand_total_amount,
        oje1_0.idempotency_key,
        oje1_0.shipping_total_amount,
        oje1_0.status,
        oje1_0.subtotal_amount,
        oje1_0.tax_total_amount,
        oje1_0.updated_at,
        oje1_0.version 
    from
        orders oje1_0 
    where
        oje1_0.id=?
Hibernate: 
    select
        oseje1_0.id,
        oseje1_0.actor,
        oseje1_0.at,
        oseje1_0.from_status,
        oseje1_0.order_id,
        oseje1_0.reason,
        oseje1_0.to_status 
    from
        order_status_events oseje1_0 
    where
        oseje1_0.id=?
Hibernate: 
    insert 
    into
        orders
        (created_at, currency, discount_total_amount, failure_reason, grand_total_amount, idempotency_key, shipping_total_amount, status, subtotal_amount, tax_total_amount, updated_at, version, id) 
    values
        (?, ?, ?, ?, ?, ?, ?, ?, ?, ?, ?, ?, ?)
Hibernate: 
    insert 
    into
        order_items
        (currency, order_id, quantity, sku, unit_price_amount, id) 
    values
        (?, ?, ?, ?, ?, ?)
Hibernate: 
    insert 
    into
        order_status_events
        (actor, at, from_status, order_id, reason, to_status, id) 
    values
        (?, ?, ?, ?, ?, ?, ?)
Hibernate: 
    select
        oseje1_0.id,
        oseje1_0.actor,
        oseje1_0.at,
        oseje1_0.from_status,
        oseje1_0.order_id,
        oseje1_0.reason,
        oseje1_0.to_status 
    from
        order_status_events oseje1_0 
    where
        oseje1_0.order_id=? 
    order by
        oseje1_0.at
Hibernate: 
    select
        oje1_0.id,
        oje1_0.created_at,
        oje1_0.currency,
        oje1_0.discount_total_amount,
        oje1_0.failure_reason,
        oje1_0.grand_total_amount,
        oje1_0.idempotency_key,
        oje1_0.shipping_total_amount,
        oje1_0.status,
        oje1_0.subtotal_amount,
        oje1_0.tax_total_amount,
        oje1_0.updated_at,
        oje1_0.version 
    from
        orders oje1_0 
    where
        oje1_0.id=?
Hibernate: 
    select
        oje1_0.id,
        oje1_0.created_at,
        oje1_0.currency,
        oje1_0.discount_total_amount,
        oje1_0.failure_reason,
        oje1_0.grand_total_amount,
        oje1_0.idempotency_key,
        oje1_0.shipping_total_amount,
        oje1_0.status,
        oje1_0.subtotal_amount,
        oje1_0.tax_total_amount,
        oje1_0.updated_at,
        oje1_0.version 
    from
        orders oje1_0 
    where
        oje1_0.id=?
Hibernate: 
    select
        oje1_0.id,
        oje1_0.created_at,
        oje1_0.currency,
        oje1_0.discount_total_amount,
        oje1_0.failure_reason,
        oje1_0.grand_total_amount,
        oje1_0.idempotency_key,
        oje1_0.shipping_total_amount,
        oje1_0.status,
        oje1_0.subtotal_amount,
        oje1_0.tax_total_amount,
        oje1_0.updated_at,
        oje1_0.version 
    from
        orders oje1_0 
    where
        oje1_0.id=?
Hibernate: 
    insert 
    into
        orders
        (created_at, currency, discount_total_amount, failure_reason, grand_total_amount, idempotency_key, shipping_total_amount, status, subtotal_amount, tax_total_amount, updated_at, version, id) 
    values
        (?, ?, ?, ?, ?, ?, ?, ?, ?, ?, ?, ?, ?)
Hibernate: 
    insert 
    into
        order_items
        (currency, order_id, quantity, sku, unit_price_amount, id) 
    values
        (?, ?, ?, ?, ?, ?)
Hibernate: 
    insert 
    into
        orders
        (created_at, currency, discount_total_amount, failure_reason, grand_total_amount, idempotency_key, shipping_total_amount, status, subtotal_amount, tax_total_amount, updated_at, version, id) 
    values
        (?, ?, ?, ?, ?, ?, ?, ?, ?, ?, ?, ?, ?)
Hibernate: 
    insert 
    into
        order_items
        (currency, order_id, quantity, sku, unit_price_amount, id) 
    values
        (?, ?, ?, ?, ?, ?)
Hibernate: 
    insert 
    into
        orders
        (created_at, currency, discount_total_amount, failure_reason, grand_total_amount, idempotency_key, shipping_total_amount, status, subtotal_amount, tax_total_amount, updated_at, version, id) 
    values
        (?, ?, ?, ?, ?, ?, ?, ?, ?, ?, ?, ?, ?)
Hibernate: 
    insert 
    into
        order_items
        (currency, order_id, quantity, sku, unit_price_amount, id) 
    values
        (?, ?, ?, ?, ?, ?)
Hibernate: 
    select
        oje1_0.id,
        oje1_0.created_at,
        oje1_0.currency,
        oje1_0.discount_total_amount,
        oje1_0.failure_reason,
        oje1_0.grand_total_amount,
        oje1_0.idempotency_key,
        oje1_0.shipping_total_amount,
        oje1_0.status,
        oje1_0.subtotal_amount,
        oje1_0.tax_total_amount,
        oje1_0.updated_at,
        oje1_0.version 
    from
        orders oje1_0 
    where
        (
            ? is null 
            or oje1_0.status=?
        ) 
        and (
            ? is null 
            or oje1_0.created_at>=?
        ) 
        and (
            ? is null 
            or oje1_0.created_at<=?
        ) 
    offset
        ? rows 
    fetch
        first ? rows only
Hibernate: 
    select
        oje1_0.id,
        oje1_0.created_at,
        oje1_0.currency,
        oje1_0.discount_total_amount,
        oje1_0.failure_reason,
        oje1_0.grand_total_amount,
        oje1_0.idempotency_key,
        oje1_0.shipping_total_amount,
        oje1_0.status,
        oje1_0.subtotal_amount,
        oje1_0.tax_total_amount,
        oje1_0.updated_at,
        oje1_0.version 
    from
        orders oje1_0 
    where
        oje1_0.id=?
Hibernate: 
    select
        oje1_0.id,
        oje1_0.created_at,
        oje1_0.currency,
        oje1_0.discount_total_amount,
        oje1_0.failure_reason,
        oje1_0.grand_total_amount,
        oje1_0.idempotency_key,
        oje1_0.shipping_total_amount,
        oje1_0.status,
        oje1_0.subtotal_amount,
        oje1_0.tax_total_amount,
        oje1_0.updated_at,
        oje1_0.version 
    from
        orders oje1_0 
    where
        oje1_0.id=?
Hibernate: 
    select
        oje1_0.id,
        oje1_0.created_at,
        oje1_0.currency,
        oje1_0.discount_total_amount,
        oje1_0.failure_reason,
        oje1_0.grand_total_amount,
        oje1_0.idempotency_key,
        oje1_0.shipping_total_amount,
        oje1_0.status,
        oje1_0.subtotal_amount,
        oje1_0.tax_total_amount,
        oje1_0.updated_at,
        oje1_0.version 
    from
        orders oje1_0 
    where
        oje1_0.id=?
Hibernate: 
    insert 
    into
        orders
        (created_at, currency, discount_total_amount, failure_reason, grand_total_amount, idempotency_key, shipping_total_amount, status, subtotal_amount, tax_total_amount, updated_at, version, id) 
    values
        (?, ?, ?, ?, ?, ?, ?, ?, ?, ?, ?, ?, ?)
Hibernate: 
    insert 
    into
        order_items
        (currency, order_id, quantity, sku, unit_price_amount, id) 
    values
        (?, ?, ?, ?, ?, ?)
Hibernate: 
    insert 
    into
        orders
        (created_at, currency, discount_total_amount, failure_reason, grand_total_amount, idempotency_key, shipping_total_amount, status, subtotal_amount, tax_total_amount, updated_at, version, id) 
    values
        (?, ?, ?, ?, ?, ?, ?, ?, ?, ?, ?, ?, ?)
Hibernate: 
    insert 
    into
        order_items
        (currency, order_id, quantity, sku, unit_price_amount, id) 
    values
        (?, ?, ?, ?, ?, ?)
Hibernate: 
    insert 
    into
        orders
        (created_at, currency, discount_total_amount, failure_reason, grand_total_amount, idempotency_key, shipping_total_amount, status, subtotal_amount, tax_total_amount, updated_at, version, id) 
    values
        (?, ?, ?, ?, ?, ?, ?, ?, ?, ?, ?, ?, ?)
Hibernate: 
    insert 
    into
        order_items
        (currency, order_id, quantity, sku, unit_price_amount, id) 
    values
        (?, ?, ?, ?, ?, ?)
Hibernate: 
    select
        oje1_0.id,
        oje1_0.created_at,
        oje1_0.currency,
        oje1_0.discount_total_amount,
        oje1_0.failure_reason,
        oje1_0.grand_total_amount,
        oje1_0.idempotency_key,
        oje1_0.shipping_total_amount,
        oje1_0.status,
        oje1_0.subtotal_amount,
        oje1_0.tax_total_amount,
        oje1_0.updated_at,
        oje1_0.version 
    from
        orders oje1_0 
    where
        (
            ? is null 
            or oje1_0.status=?
        ) 
        and (
            ? is null 
            or oje1_0.created_at>=?
        ) 
        and (
            ? is null 
            or oje1_0.created_at<=?
        ) 
    offset
        ? rows 
    fetch
        first ? rows only
Hibernate: 
    select
        oje1_0.id,
        oje1_0.created_at,
        oje1_0.currency,
        oje1_0.discount_total_amount,
        oje1_0.failure_reason,
        oje1_0.grand_total_amount,
        oje1_0.idempotency_key,
        oje1_0.shipping_total_amount,
        oje1_0.status,
        oje1_0.subtotal_amount,
        oje1_0.tax_total_amount,
        oje1_0.updated_at,
        oje1_0.version 
    from
        orders oje1_0 
    where
        oje1_0.id=?
Hibernate: 
    select
        oje1_0.id,
        oje1_0.created_at,
        oje1_0.currency,
        oje1_0.discount_total_amount,
        oje1_0.failure_reason,
        oje1_0.grand_total_amount,
        oje1_0.idempotency_key,
        oje1_0.shipping_total_amount,
        oje1_0.status,
        oje1_0.subtotal_amount,
        oje1_0.tax_total_amount,
        oje1_0.updated_at,
        oje1_0.version 
    from
        orders oje1_0 
    where
        oje1_0.id=?
Hibernate: 
    select
        oje1_0.id,
        oje1_0.created_at,
        oje1_0.currency,
        oje1_0.discount_total_amount,
        oje1_0.failure_reason,
        oje1_0.grand_total_amount,
        oje1_0.idempotency_key,
        oje1_0.shipping_total_amount,
        oje1_0.status,
        oje1_0.subtotal_amount,
        oje1_0.tax_total_amount,
        oje1_0.updated_at,
        oje1_0.version 
    from
        orders oje1_0 
    where
        oje1_0.id=?
Hibernate: 
    select
        oje1_0.id,
        oje1_0.created_at,
        oje1_0.currency,
        oje1_0.discount_total_amount,
        oje1_0.failure_reason,
        oje1_0.grand_total_amount,
        oje1_0.idempotency_key,
        oje1_0.shipping_total_amount,
        oje1_0.status,
        oje1_0.subtotal_amount,
        oje1_0.tax_total_amount,
        oje1_0.updated_at,
        oje1_0.version 
    from
        orders oje1_0 
    where
        oje1_0.id=?
Hibernate: 
    select
        oje1_0.id,
        oje1_0.created_at,
        oje1_0.currency,
        oje1_0.discount_total_amount,
        oje1_0.failure_reason,
        oje1_0.grand_total_amount,
        oje1_0.idempotency_key,
        oje1_0.shipping_total_amount,
        oje1_0.status,
        oje1_0.subtotal_amount,
        oje1_0.tax_total_amount,
        oje1_0.updated_at,
        oje1_0.version 
    from
        orders oje1_0 
    where
        oje1_0.id=?
Hibernate: 
    insert 
    into
        orders
        (created_at, currency, discount_total_amount, failure_reason, grand_total_amount, idempotency_key, shipping_total_amount, status, subtotal_amount, tax_total_amount, updated_at, version, id) 
    values
        (?, ?, ?, ?, ?, ?, ?, ?, ?, ?, ?, ?, ?)
Hibernate: 
    insert 
    into
        order_items
        (currency, order_id, quantity, sku, unit_price_amount, id) 
    values
        (?, ?, ?, ?, ?, ?)
Hibernate: 
    insert 
    into
        orders
        (created_at, currency, discount_total_amount, failure_reason, grand_total_amount, idempotency_key, shipping_total_amount, status, subtotal_amount, tax_total_amount, updated_at, version, id) 
    values
        (?, ?, ?, ?, ?, ?, ?, ?, ?, ?, ?, ?, ?)
Hibernate: 
    insert 
    into
        order_items
        (currency, order_id, quantity, sku, unit_price_amount, id) 
    values
        (?, ?, ?, ?, ?, ?)
Hibernate: 
    insert 
    into
        orders
        (created_at, currency, discount_total_amount, failure_reason, grand_total_amount, idempotency_key, shipping_total_amount, status, subtotal_amount, tax_total_amount, updated_at, version, id) 
    values
        (?, ?, ?, ?, ?, ?, ?, ?, ?, ?, ?, ?, ?)
Hibernate: 
    insert 
    into
        order_items
        (currency, order_id, quantity, sku, unit_price_amount, id) 
    values
        (?, ?, ?, ?, ?, ?)
Hibernate: 
    insert 
    into
        orders
        (created_at, currency, discount_total_amount, failure_reason, grand_total_amount, idempotency_key, shipping_total_amount, status, subtotal_amount, tax_total_amount, updated_at, version, id) 
    values
        (?, ?, ?, ?, ?, ?, ?, ?, ?, ?, ?, ?, ?)
Hibernate: 
    insert 
    into
        order_items
        (currency, order_id, quantity, sku, unit_price_amount, id) 
    values
        (?, ?, ?, ?, ?, ?)
Hibernate: 
    insert 
    into
        orders
        (created_at, currency, discount_total_amount, failure_reason, grand_total_amount, idempotency_key, shipping_total_amount, status, subtotal_amount, tax_total_amount, updated_at, version, id) 
    values
        (?, ?, ?, ?, ?, ?, ?, ?, ?, ?, ?, ?, ?)
Hibernate: 
    insert 
    into
        order_items
        (currency, order_id, quantity, sku, unit_price_amount, id) 
    values
        (?, ?, ?, ?, ?, ?)
Hibernate: 
    select
        oje1_0.id,
        oje1_0.created_at,
        oje1_0.currency,
        oje1_0.discount_total_amount,
        oje1_0.failure_reason,
        oje1_0.grand_total_amount,
        oje1_0.idempotency_key,
        oje1_0.shipping_total_amount,
        oje1_0.status,
        oje1_0.subtotal_amount,
        oje1_0.tax_total_amount,
        oje1_0.updated_at,
        oje1_0.version 
    from
        orders oje1_0 
    where
        (
            ? is null 
            or oje1_0.status=?
        ) 
        and (
            ? is null 
            or oje1_0.created_at>=?
        ) 
        and (
            ? is null 
            or oje1_0.created_at<=?
        ) 
    offset
        ? rows 
    fetch
        first ? rows only
Hibernate: 
    select
        count(oje1_0.id) 
    from
        orders oje1_0 
    where
        (
            ? is null 
            or oje1_0.status=?
        ) 
        and (
            ? is null 
            or oje1_0.created_at>=?
        ) 
        and (
            ? is null 
            or oje1_0.created_at<=?
        )
Hibernate: 
    select
        oje1_0.id,
        oje1_0.created_at,
        oje1_0.currency,
        oje1_0.discount_total_amount,
        oje1_0.failure_reason,
        oje1_0.grand_total_amount,
        oje1_0.idempotency_key,
        oje1_0.shipping_total_amount,
        oje1_0.status,
        oje1_0.subtotal_amount,
        oje1_0.tax_total_amount,
        oje1_0.updated_at,
        oje1_0.version 
    from
        orders oje1_0 
    where
        (
            ? is null 
            or oje1_0.status=?
        ) 
        and (
            ? is null 
            or oje1_0.created_at>=?
        ) 
        and (
            ? is null 
            or oje1_0.created_at<=?
        ) 
    offset
        ? rows 
    fetch
        first ? rows only
Hibernate: 
    select
        count(oje1_0.id) 
    from
        orders oje1_0 
    where
        (
            ? is null 
            or oje1_0.status=?
        ) 
        and (
            ? is null 
            or oje1_0.created_at>=?
        ) 
        and (
            ? is null 
            or oje1_0.created_at<=?
        )
Hibernate: 
    select
        oje1_0.id,
        oje1_0.created_at,
        oje1_0.currency,
        oje1_0.discount_total_amount,
        oje1_0.failure_reason,
        oje1_0.grand_total_amount,
        oje1_0.idempotency_key,
        oje1_0.shipping_total_amount,
        oje1_0.status,
        oje1_0.subtotal_amount,
        oje1_0.tax_total_amount,
        oje1_0.updated_at,
        oje1_0.version 
    from
        orders oje1_0 
    where
        oje1_0.id=?
Hibernate: 
    select
        oje1_0.id,
        oje1_0.created_at,
        oje1_0.currency,
        oje1_0.discount_total_amount,
        oje1_0.failure_reason,
        oje1_0.grand_total_amount,
        oje1_0.idempotency_key,
        oje1_0.shipping_total_amount,
        oje1_0.status,
        oje1_0.subtotal_amount,
        oje1_0.tax_total_amount,
        oje1_0.updated_at,
        oje1_0.version 
    from
        orders oje1_0 
    where
        oje1_0.id=?
Hibernate: 
    select
        oje1_0.id,
        oje1_0.created_at,
        oje1_0.currency,
        oje1_0.discount_total_amount,
        oje1_0.failure_reason,
        oje1_0.grand_total_amount,
        oje1_0.idempotency_key,
        oje1_0.shipping_total_amount,
        oje1_0.status,
        oje1_0.subtotal_amount,
        oje1_0.tax_total_amount,
        oje1_0.updated_at,
        oje1_0.version 
    from
        orders oje1_0 
    where
        oje1_0.id=?
Hibernate: 
    select
        oje1_0.id,
        oje1_0.created_at,
        oje1_0.currency,
        oje1_0.discount_total_amount,
        oje1_0.failure_reason,
        oje1_0.grand_total_amount,
        oje1_0.idempotency_key,
        oje1_0.shipping_total_amount,
        oje1_0.status,
        oje1_0.subtotal_amount,
        oje1_0.tax_total_amount,
        oje1_0.updated_at,
        oje1_0.version 
    from
        orders oje1_0 
    where
        oje1_0.id=?
Hibernate: 
    insert 
    into
        orders
        (created_at, currency, discount_total_amount, failure_reason, grand_total_amount, idempotency_key, shipping_total_amount, status, subtotal_amount, tax_total_amount, updated_at, version, id) 
    values
        (?, ?, ?, ?, ?, ?, ?, ?, ?, ?, ?, ?, ?)
Hibernate: 
    insert 
    into
        order_items
        (currency, order_id, quantity, sku, unit_price_amount, id) 
    values
        (?, ?, ?, ?, ?, ?)
Hibernate: 
    insert 
    into
        orders
        (created_at, currency, discount_total_amount, failure_reason, grand_total_amount, idempotency_key, shipping_total_amount, status, subtotal_amount, tax_total_amount, updated_at, version, id) 
    values
        (?, ?, ?, ?, ?, ?, ?, ?, ?, ?, ?, ?, ?)
Hibernate: 
    insert 
    into
        order_items
        (currency, order_id, quantity, sku, unit_price_amount, id) 
    values
        (?, ?, ?, ?, ?, ?)
Hibernate: 
    insert 
    into
        orders
        (created_at, currency, discount_total_amount, failure_reason, grand_total_amount, idempotency_key, shipping_total_amount, status, subtotal_amount, tax_total_amount, updated_at, version, id) 
    values
        (?, ?, ?, ?, ?, ?, ?, ?, ?, ?, ?, ?, ?)
Hibernate: 
    insert 
    into
        order_items
        (currency, order_id, quantity, sku, unit_price_amount, id) 
    values
        (?, ?, ?, ?, ?, ?)
Hibernate: 
    select
        oje1_0.id,
        oje1_0.created_at,
        oje1_0.currency,
        oje1_0.discount_total_amount,
        oje1_0.failure_reason,
        oje1_0.grand_total_amount,
        oje1_0.idempotency_key,
        oje1_0.shipping_total_amount,
        oje1_0.status,
        oje1_0.subtotal_amount,
        oje1_0.tax_total_amount,
        oje1_0.updated_at,
        oje1_0.version 
    from
        orders oje1_0 
    where
        (
            ? is null 
            or oje1_0.status=?
        ) 
        and (
            ? is null 
            or oje1_0.created_at>=?
        ) 
        and (
            ? is null 
            or oje1_0.created_at<=?
        ) 
    offset
        ? rows 
    fetch
        first ? rows only
Hibernate: 
    select
        oje1_0.id,
        oje1_0.created_at,
        oje1_0.currency,
        oje1_0.discount_total_amount,
        oje1_0.failure_reason,
        oje1_0.grand_total_amount,
        oje1_0.idempotency_key,
        oje1_0.shipping_total_amount,
        oje1_0.status,
        oje1_0.subtotal_amount,
        oje1_0.tax_total_amount,
        oje1_0.updated_at,
        oje1_0.version 
    from
        orders oje1_0 
    where
        oje1_0.id=?
Hibernate: 
    select
        oje1_0.id,
        oje1_0.created_at,
        oje1_0.currency,
        oje1_0.discount_total_amount,
        oje1_0.failure_reason,
        oje1_0.grand_total_amount,
        oje1_0.idempotency_key,
        oje1_0.shipping_total_amount,
        oje1_0.status,
        oje1_0.subtotal_amount,
        oje1_0.tax_total_amount,
        oje1_0.updated_at,
        oje1_0.version 
    from
        orders oje1_0 
    where
        oje1_0.id=?
Hibernate: 
    insert 
    into
        orders
        (created_at, currency, discount_total_amount, failure_reason, grand_total_amount, idempotency_key, shipping_total_amount, status, subtotal_amount, tax_total_amount, updated_at, version, id) 
    values
        (?, ?, ?, ?, ?, ?, ?, ?, ?, ?, ?, ?, ?)
Hibernate: 
    insert 
    into
        order_items
        (currency, order_id, quantity, sku, unit_price_amount, id) 
    values
        (?, ?, ?, ?, ?, ?)
Hibernate: 
    insert 
    into
        orders
        (created_at, currency, discount_total_amount, failure_reason, grand_total_amount, idempotency_key, shipping_total_amount, status, subtotal_amount, tax_total_amount, updated_at, version, id) 
    values
        (?, ?, ?, ?, ?, ?, ?, ?, ?, ?, ?, ?, ?)
Hibernate: 
    insert 
    into
        order_items
        (currency, order_id, quantity, sku, unit_price_amount, id) 
    values
        (?, ?, ?, ?, ?, ?)
Hibernate: 
    select
        oje1_0.id,
        oje1_0.created_at,
        oje1_0.currency,
        oje1_0.discount_total_amount,
        oje1_0.failure_reason,
        oje1_0.grand_total_amount,
        oje1_0.idempotency_key,
        oje1_0.shipping_total_amount,
        oje1_0.status,
        oje1_0.subtotal_amount,
        oje1_0.tax_total_amount,
        oje1_0.updated_at,
        oje1_0.version 
    from
        orders oje1_0 
    where
        (
            ? is null 
            or oje1_0.status=?
        ) 
        and (
            ? is null 
            or oje1_0.created_at>=?
        ) 
        and (
            ? is null 
            or oje1_0.created_at<=?
        ) 
    offset
        ? rows 
    fetch
        first ? rows only
Hibernate: 
    select
        oje1_0.id,
        oje1_0.created_at,
        oje1_0.currency,
        oje1_0.discount_total_amount,
        oje1_0.failure_reason,
        oje1_0.grand_total_amount,
        oje1_0.idempotency_key,
        oje1_0.shipping_total_amount,
        oje1_0.status,
        oje1_0.subtotal_amount,
        oje1_0.tax_total_amount,
        oje1_0.updated_at,
        oje1_0.version 
    from
        orders oje1_0 
    where
        oje1_0.id=?
Hibernate: 
    select
        oseje1_0.id,
        oseje1_0.actor,
        oseje1_0.at,
        oseje1_0.from_status,
        oseje1_0.order_id,
        oseje1_0.reason,
        oseje1_0.to_status 
    from
        order_status_events oseje1_0 
    where
        oseje1_0.id=?
Hibernate: 
    select
        oseje1_0.id,
        oseje1_0.actor,
        oseje1_0.at,
        oseje1_0.from_status,
        oseje1_0.order_id,
        oseje1_0.reason,
        oseje1_0.to_status 
    from
        order_status_events oseje1_0 
    where
        oseje1_0.id=?
Hibernate: 
    select
        oseje1_0.id,
        oseje1_0.actor,
        oseje1_0.at,
        oseje1_0.from_status,
        oseje1_0.order_id,
        oseje1_0.reason,
        oseje1_0.to_status 
    from
        order_status_events oseje1_0 
    where
        oseje1_0.id=?
Hibernate: 
    insert 
    into
        orders
        (created_at, currency, discount_total_amount, failure_reason, grand_total_amount, idempotency_key, shipping_total_amount, status, subtotal_amount, tax_total_amount, updated_at, version, id) 
    values
        (?, ?, ?, ?, ?, ?, ?, ?, ?, ?, ?, ?, ?)
Hibernate: 
    insert 
    into
        order_items
        (currency, order_id, quantity, sku, unit_price_amount, id) 
    values
        (?, ?, ?, ?, ?, ?)
Hibernate: 
    insert 
    into
        order_status_events
        (actor, at, from_status, order_id, reason, to_status, id) 
    values
        (?, ?, ?, ?, ?, ?, ?)
Hibernate: 
    insert 
    into
        order_status_events
        (actor, at, from_status, order_id, reason, to_status, id) 
    values
        (?, ?, ?, ?, ?, ?, ?)
Hibernate: 
    insert 
    into
        order_status_events
        (actor, at, from_status, order_id, reason, to_status, id) 
    values
        (?, ?, ?, ?, ?, ?, ?)
Hibernate: 
    select
        oseje1_0.id,
        oseje1_0.actor,
        oseje1_0.at,
        oseje1_0.from_status,
        oseje1_0.order_id,
        oseje1_0.reason,
        oseje1_0.to_status 
    from
        order_status_events oseje1_0 
    where
        oseje1_0.order_id=? 
    order by
        oseje1_0.at
Hibernate: 
    select
        oje1_0.id,
        oje1_0.created_at,
        oje1_0.currency,
        oje1_0.discount_total_amount,
        oje1_0.failure_reason,
        oje1_0.grand_total_amount,
        oje1_0.idempotency_key,
        oje1_0.shipping_total_amount,
        oje1_0.status,
        oje1_0.subtotal_amount,
        oje1_0.tax_total_amount,
        oje1_0.updated_at,
        oje1_0.version 
    from
        orders oje1_0 
    where
        oje1_0.id=?
Hibernate: 
    select
        oje1_0.id,
        oje1_0.created_at,
        oje1_0.currency,
        oje1_0.discount_total_amount,
        oje1_0.failure_reason,
        oje1_0.grand_total_amount,
        oje1_0.idempotency_key,
        oje1_0.shipping_total_amount,
        oje1_0.status,
        oje1_0.subtotal_amount,
        oje1_0.tax_total_amount,
        oje1_0.updated_at,
        oje1_0.version 
    from
        orders oje1_0 
    where
        oje1_0.id=?
Hibernate: 
    select
        oje1_0.id,
        oje1_0.created_at,
        oje1_0.currency,
        oje1_0.discount_total_amount,
        oje1_0.failure_reason,
        oje1_0.grand_total_amount,
        oje1_0.idempotency_key,
        oje1_0.shipping_total_amount,
        oje1_0.status,
        oje1_0.subtotal_amount,
        oje1_0.tax_total_amount,
        oje1_0.updated_at,
        oje1_0.version 
    from
        orders oje1_0 
    where
        oje1_0.id=?
Hibernate: 
    select
        oije1_0.id,
        oije1_0.currency,
        oije1_0.order_id,
        oije1_0.quantity,
        oije1_0.sku,
        oije1_0.unit_price_amount 
    from
        order_items oije1_0 
    where
        oije1_0.id=?
Hibernate: 
    select
        oje1_0.id,
        oje1_0.created_at,
        oje1_0.currency,
        oje1_0.discount_total_amount,
        oje1_0.failure_reason,
        oje1_0.grand_total_amount,
        oje1_0.idempotency_key,
        oje1_0.shipping_total_amount,
        oje1_0.status,
        oje1_0.subtotal_amount,
        oje1_0.tax_total_amount,
        oje1_0.updated_at,
        oje1_0.version 
    from
        orders oje1_0 
    where
        oje1_0.id=?
Hibernate: 
    select
        oije1_0.id,
        oije1_0.currency,
        oije1_0.order_id,
        oije1_0.quantity,
        oije1_0.sku,
        oije1_0.unit_price_amount 
    from
        order_items oije1_0 
    where
        oije1_0.id=?
[INFO] Tests run: 15, Failures: 0, Errors: 0, Skipped: 0, Time elapsed: 0.474 s -- in com.example.orderprocessing.slice.persistence.JpaOrderRepositoryTest
[INFO] Running com.example.orderprocessing.unit.application.command.CancelOrderCommandTest
[INFO] Tests run: 20, Failures: 0, Errors: 0, Skipped: 0, Time elapsed: 0.324 s -- in com.example.orderprocessing.unit.application.command.CancelOrderCommandTest
[INFO] Running com.example.orderprocessing.unit.application.OrderProcessingPipelineTest
[INFO] Tests run: 18, Failures: 0, Errors: 0, Skipped: 0, Time elapsed: 0.490 s -- in com.example.orderprocessing.unit.application.OrderProcessingPipelineTest
[INFO] Running com.example.orderprocessing.unit.application.OrderServiceLogTest
2026-05-15T15:36:20.872+04:00  INFO 20160 --- [           main] c.e.o.application.OrderService           : order_transition orderId=66716b56-ce45-4ed2-a6a5-d604a5e791c5 fromStatus=CREATED toStatus=CONFIRMED timestamp=2026-05-15T11:36:20.872466400Z correlationId=91fa94f1-e31e-4fe2-a303-f67c1636df00 actor=system reason=
2026-05-15T15:36:20.883+04:00  INFO 20160 --- [           main] c.e.o.application.OrderService           : order_transition orderId=45b5f271-71fe-4938-9a4a-fffb85d6ce92 fromStatus=CREATED toStatus=CANCELLED timestamp=2026-05-15T11:36:20.882104700Z correlationId=3a1e9790-5aa7-4ce4-b6a7-536baa40fa06 actor=system reason=customer requested cancellation
2026-05-15T15:36:20.889+04:00  INFO 20160 --- [           main] c.e.o.application.OrderService           : order_transition orderId=8833c844-5aef-4a56-8b43-d9a745b2a962 fromStatus=CREATED toStatus=FAILED timestamp=2026-05-15T11:36:20.889123100Z correlationId=2ef5aacc-e849-4457-9cd0-56bfe26666d0 actor=system reason=validation_failed:test
2026-05-15T15:36:20.898+04:00  INFO 20160 --- [           main] c.e.o.application.OrderService           : order_transition orderId=fab994bc-9462-4884-b13e-7982dad2c569 fromStatus=CREATED toStatus=CANCELLED timestamp=2026-05-15T11:36:20.898128400Z correlationId=04adb9c1-6eed-4b17-b653-0d71a4513746 actor=system reason=customer requested cancellation
2026-05-15T15:36:20.903+04:00  INFO 20160 --- [           main] c.e.o.application.OrderService           : order_transition orderId=8b38d309-aa25-4c8e-aab5-4fd34a06c3cf fromStatus=CREATED toStatus=CONFIRMED timestamp=2026-05-15T11:36:20.903130100Z correlationId=de57f387-5b89-489e-b7eb-fb491e54dd44 actor=system reason=
[INFO] Tests run: 6, Failures: 0, Errors: 0, Skipped: 0, Time elapsed: 0.298 s -- in com.example.orderprocessing.unit.application.OrderServiceLogTest
[INFO] Running com.example.orderprocessing.unit.application.OrderServiceTest
2026-05-15T15:36:20.924+04:00  INFO 20160 --- [           main] c.e.o.application.OrderService           : order_transition orderId=6b42d672-e8b2-498e-b4b9-6da2e062cc56 fromStatus=CREATED toStatus=CONFIRMED timestamp=2026-05-15T11:36:20.924721Z correlationId=9584ffa6-70a0-467b-85ed-3b71cc6afe3b actor=system reason=
2026-05-15T15:36:20.938+04:00  INFO 20160 --- [           main] c.e.o.application.OrderService           : order_transition orderId=f9bbbf74-e978-4246-95f0-c5a053a749c0 fromStatus=CREATED toStatus=FAILED timestamp=2026-05-15T11:36:20.938840800Z correlationId=cacd2a64-a583-405e-b07f-347f0b8a1643 actor=system reason=inventory_out_of_stock:[SKU-001]
2026-05-15T15:36:20.947+04:00  INFO 20160 --- [           main] c.e.o.application.OrderService           : order_transition orderId=53c6452d-c5cf-49d5-939c-387a99916e45 fromStatus=CREATED toStatus=FAILED timestamp=2026-05-15T11:36:20.947002700Z correlationId=29dfa9d7-e1bd-4a37-b072-5155a5b3c598 actor=system reason=payment_declined:insufficient_funds
2026-05-15T15:36:20.952+04:00  INFO 20160 --- [           main] c.e.o.application.OrderService           : order_transition orderId=3a9579c5-90a2-4e58-9ed4-f6a5c7a611bf fromStatus=CREATED toStatus=FAILED timestamp=2026-05-15T11:36:20.952028700Z correlationId=9c13f14c-cc60-4067-8072-ce76eedd8050 actor=system reason=validation_failed:non_empty_items:items must not be empty
2026-05-15T15:36:20.956+04:00  INFO 20160 --- [           main] c.e.o.application.OrderService           : order_transition orderId=c2c0d77d-2091-4543-a1c6-05606ca2be42 fromStatus=CREATED toStatus=FAILED timestamp=2026-05-15T11:36:20.956546200Z correlationId=b00aa74e-c5cf-42f2-abd5-83f0b874ba37 actor=system reason=dependency_unavailable:inventory
2026-05-15T15:36:20.964+04:00  INFO 20160 --- [           main] c.e.o.application.OrderService           : order_transition orderId=b70bc432-343b-4544-96b8-ec51b9251288 fromStatus=CREATED toStatus=CONFIRMED timestamp=2026-05-15T11:36:20.964603200Z correlationId=34bef220-3a32-4097-9dfe-33a6954f0d96 actor=system reason=
2026-05-15T15:36:20.967+04:00  INFO 20160 --- [           main] c.e.o.application.OrderService           : order_transition orderId=cbaf4cb5-c1a7-41ce-ad75-5c54f66f5e29 fromStatus=PRICED toStatus=CANCELLED timestamp=2026-05-15T11:36:20.967608700Z correlationId=02fc2880-fc39-4ef9-82bf-faa038141b70 actor=system reason=customer request
2026-05-15T15:36:20.974+04:00  INFO 20160 --- [           main] c.e.o.application.OrderService           : order_transition orderId=89066d75-5a1c-4c86-bfa1-36ad964757a0 fromStatus=CONFIRMED toStatus=CANCELLED timestamp=2026-05-15T11:36:20.974634200Z correlationId=50b3c7de-0b44-452f-adc5-6d0a11f9ddc2 actor=system reason=customer request
2026-05-15T15:36:20.979+04:00  INFO 20160 --- [           main] c.e.o.application.OrderService           : order_transition orderId=7b6e098d-8f8d-4211-a54e-c2ee901f0be9 fromStatus=CREATED toStatus=CANCELLED timestamp=2026-05-15T11:36:20.979672Z correlationId=c8005a78-170e-49bb-8069-edb12bb9c50b actor=system reason=customer request
2026-05-15T15:36:20.984+04:00  INFO 20160 --- [           main] c.e.o.application.OrderService           : order_transition orderId=5f3b1f75-011e-4a14-b34d-688efe7e6827 fromStatus=RESERVED toStatus=CANCELLED timestamp=2026-05-15T11:36:20.984184300Z correlationId=5667b11e-4336-42f9-8272-03c46fad0cc7 actor=system reason=customer request
2026-05-15T15:36:20.989+04:00  INFO 20160 --- [           main] c.e.o.application.OrderService           : order_transition orderId=4ca36753-4848-49c3-bd84-8438acaaa430 fromStatus=CREATED toStatus=FAILED timestamp=2026-05-15T11:36:20.989697300Z correlationId=a17329f3-49d0-4661-a78f-df936499d646 actor=system reason=pricing_failed:unknown profile
2026-05-15T15:36:20.996+04:00  INFO 20160 --- [           main] c.e.o.application.OrderService           : order_transition orderId=6a03aa61-d22c-4178-8d02-3556283e9dc2 fromStatus=CREATED toStatus=RESERVED timestamp=2026-05-15T11:36:20.996226400Z correlationId=358a4196-c021-4838-8526-8317d2cd37e1 actor=system reason=
2026-05-15T15:36:21.000+04:00  INFO 20160 --- [           main] c.e.o.application.OrderService           : order_transition orderId=ff801803-13c3-4478-9f0b-3f90d5b99bcc fromStatus=VALIDATED toStatus=CANCELLED timestamp=2026-05-15T11:36:21.000225700Z correlationId=2db4afaa-564b-4a3f-96f2-97ca347e0d63 actor=system reason=customer request
[INFO] Tests run: 21, Failures: 0, Errors: 0, Skipped: 0, Time elapsed: 0.094 s -- in com.example.orderprocessing.unit.application.OrderServiceTest
[INFO] Running com.example.orderprocessing.unit.domain.model.OrderTest
[INFO] Tests run: 14, Failures: 0, Errors: 0, Skipped: 0, Time elapsed: 0.036 s -- in com.example.orderprocessing.unit.domain.model.OrderTest
[INFO] Running com.example.orderprocessing.unit.domain.model.ValueObjectTest
[INFO] Tests run: 28, Failures: 0, Errors: 0, Skipped: 0, Time elapsed: 0.038 s -- in com.example.orderprocessing.unit.domain.model.ValueObjectTest
[INFO] Running com.example.orderprocessing.unit.domain.notification.NotificationDispatcherTest
2026-05-15T15:36:21.176+04:00  WARN 20160 --- [           main] c.e.o.d.n.NotificationDispatcher         : Notification channel 'email' failed for order ac4821da-7bfd-4c26-9e53-c9d66bd9dc20 transitioning to CONFIRMED: email service down
2026-05-15T15:36:21.183+04:00  WARN 20160 --- [           main] c.e.o.d.n.NotificationDispatcher         : Notification channel 'email' failed for order 8a666f66-3e72-42fd-b662-cb029d1ef634 transitioning to CONFIRMED: email down
2026-05-15T15:36:21.184+04:00  WARN 20160 --- [           main] c.e.o.d.n.NotificationDispatcher         : Notification channel 'sms' failed for order 8a666f66-3e72-42fd-b662-cb029d1ef634 transitioning to CONFIRMED: sms down
2026-05-15T15:36:21.206+04:00  WARN 20160 --- [           main] c.e.o.d.n.NotificationDispatcher         : Notification channel 'email' failed for order 96a01a67-ae60-4b58-8a95-360304860af3 transitioning to CONFIRMED: email service down
2026-05-15T15:36:21.215+04:00  WARN 20160 --- [           main] c.e.o.d.n.NotificationDispatcher         : Notification channel 'webhook' failed for order 05a60115-c2d5-4eff-ae5c-605e904bdb60 transitioning to CONFIRMED: webhook unreachable
2026-05-15T15:36:21.217+04:00  WARN 20160 --- [           main] c.e.o.d.n.NotificationDispatcher         : Notification channel 'email' failed for order 29a62c91-885d-4d8b-b8e2-c7de8b862184 transitioning to CONFIRMED: email down
2026-05-15T15:36:21.219+04:00  WARN 20160 --- [           main] c.e.o.d.n.NotificationDispatcher         : Notification channel 'sms' failed for order 29a62c91-885d-4d8b-b8e2-c7de8b862184 transitioning to CONFIRMED: sms down
2026-05-15T15:36:21.229+04:00  WARN 20160 --- [           main] c.e.o.d.n.NotificationDispatcher         : Notification channel 'email' failed for order 61ddfbdc-5dee-4ca4-90ae-6110a79c50ea transitioning to CONFIRMED: transient failure
2026-05-15T15:36:21.236+04:00  WARN 20160 --- [           main] c.e.o.d.n.NotificationDispatcher         : Notification channel 'email' failed for order 41e1ab48-73a9-434c-a86e-8b655756bcff transitioning to CONFIRMED: unexpected error
2026-05-15T15:36:21.242+04:00  WARN 20160 --- [           main] c.e.o.d.n.NotificationDispatcher         : Notification channel 'sms' failed for order 0498b7e6-26f6-4832-aaeb-e560a4f2f40a transitioning to CONFIRMED: sms gateway timeout
[ERROR] Tests run: 19, Failures: 0, Errors: 9, Skipped: 0, Time elapsed: 0.167 s <<< FAILURE! -- in com.example.orderprocessing.unit.domain.notification.NotificationDispatcherTest
[ERROR] com.example.orderprocessing.unit.domain.notification.NotificationDispatcherTest.dispatch_singleListener_receivesEvent -- Time elapsed: 0.015 s <<< ERROR!
org.mockito.exceptions.misusing.UnnecessaryStubbingException: 

Unnecessary stubbings detected.
Clean & maintainable test code requires zero unnecessary code.
Following stubbings are unnecessary (click to navigate to relevant line of code):
  1. -> at com.example.orderprocessing.unit.domain.notification.NotificationDispatcherTest.dispatch_singleListener_receivesEvent(NotificationDispatcherTest.java:98)
Please remove unnecessary stubbings or use 'lenient' strictness. More info: javadoc for UnnecessaryStubbingException class.
	at org.mockito.junit.jupiter.MockitoExtension.afterEach(MockitoExtension.java:192)
	at java.base/java.util.ArrayList.forEach(ArrayList.java:1596)
	at java.base/java.util.ArrayList.forEach(ArrayList.java:1596)

[ERROR] com.example.orderprocessing.unit.domain.notification.NotificationDispatcherTest.dispatch_firstListenerThrows_remainingListenersStillReceiveEvent -- Time elapsed: 0.004 s <<< ERROR!
org.mockito.exceptions.misusing.UnnecessaryStubbingException: 

Unnecessary stubbings detected.
Clean & maintainable test code requires zero unnecessary code.
Following stubbings are unnecessary (click to navigate to relevant line of code):
  1. -> at com.example.orderprocessing.unit.domain.notification.NotificationDispatcherTest.dispatch_firstListenerThrows_remainingListenersStillReceiveEvent(NotificationDispatcherTest.java:143)
  2. -> at com.example.orderprocessing.unit.domain.notification.NotificationDispatcherTest.dispatch_firstListenerThrows_remainingListenersStillReceiveEvent(NotificationDispatcherTest.java:144)
Please remove unnecessary stubbings or use 'lenient' strictness. More info: javadoc for UnnecessaryStubbingException class.
	at org.mockito.junit.jupiter.MockitoExtension.afterEach(MockitoExtension.java:192)
	at java.base/java.util.ArrayList.forEach(ArrayList.java:1596)
	at java.base/java.util.ArrayList.forEach(ArrayList.java:1596)

[ERROR] com.example.orderprocessing.unit.domain.notification.NotificationDispatcherTest.dispatch_multipleListeners_allReceiveEvent -- Time elapsed: 0.003 s <<< ERROR!
org.mockito.exceptions.misusing.UnnecessaryStubbingException: 

Unnecessary stubbings detected.
Clean & maintainable test code requires zero unnecessary code.
Following stubbings are unnecessary (click to navigate to relevant line of code):
  1. -> at com.example.orderprocessing.unit.domain.notification.NotificationDispatcherTest.dispatch_multipleListeners_allReceiveEvent(NotificationDispatcherTest.java:110)
  2. -> at com.example.orderprocessing.unit.domain.notification.NotificationDispatcherTest.dispatch_multipleListeners_allReceiveEvent(NotificationDispatcherTest.java:111)
  3. -> at com.example.orderprocessing.unit.domain.notification.NotificationDispatcherTest.dispatch_multipleListeners_allReceiveEvent(NotificationDispatcherTest.java:112)
Please remove unnecessary stubbings or use 'lenient' strictness. More info: javadoc for UnnecessaryStubbingException class.
	at org.mockito.junit.jupiter.MockitoExtension.afterEach(MockitoExtension.java:192)
	at java.base/java.util.ArrayList.forEach(ArrayList.java:1596)
	at java.base/java.util.ArrayList.forEach(ArrayList.java:1596)

[ERROR] com.example.orderprocessing.unit.domain.notification.NotificationDispatcherTest.dispatch_lastListenerThrows_firstAndSecondStillReceiveEvent -- Time elapsed: 0.004 s <<< ERROR!
org.mockito.exceptions.misusing.UnnecessaryStubbingException: 

Unnecessary stubbings detected.
Clean & maintainable test code requires zero unnecessary code.
Following stubbings are unnecessary (click to navigate to relevant line of code):
  1. -> at com.example.orderprocessing.unit.domain.notification.NotificationDispatcherTest.dispatch_lastListenerThrows_firstAndSecondStillReceiveEvent(NotificationDispatcherTest.java:179)
  2. -> at com.example.orderprocessing.unit.domain.notification.NotificationDispatcherTest.dispatch_lastListenerThrows_firstAndSecondStillReceiveEvent(NotificationDispatcherTest.java:180)
Please remove unnecessary stubbings or use 'lenient' strictness. More info: javadoc for UnnecessaryStubbingException class.
	at org.mockito.junit.jupiter.MockitoExtension.afterEach(MockitoExtension.java:192)
	at java.base/java.util.ArrayList.forEach(ArrayList.java:1596)
	at java.base/java.util.ArrayList.forEach(ArrayList.java:1596)

[ERROR] com.example.orderprocessing.unit.domain.notification.NotificationDispatcherTest.dispatch_multipleListenersThrow_allFailedChannelsRecorded -- Time elapsed: 0.005 s <<< ERROR!
org.mockito.exceptions.misusing.UnnecessaryStubbingException: 

Unnecessary stubbings detected.
Clean & maintainable test code requires zero unnecessary code.
Following stubbings are unnecessary (click to navigate to relevant line of code):
  1. -> at com.example.orderprocessing.unit.domain.notification.NotificationDispatcherTest.dispatch_multipleListenersThrow_allFailedChannelsRecorded(NotificationDispatcherTest.java:241)
Please remove unnecessary stubbings or use 'lenient' strictness. More info: javadoc for UnnecessaryStubbingException class.
	at org.mockito.junit.jupiter.MockitoExtension.afterEach(MockitoExtension.java:192)
	at java.base/java.util.ArrayList.forEach(ArrayList.java:1596)
	at java.base/java.util.ArrayList.forEach(ArrayList.java:1596)

[ERROR] com.example.orderprocessing.unit.domain.notification.NotificationDispatcherTest.dispatch_listenerThrowsError_isolatedAndChannelRecorded -- Time elapsed: 0.005 s <<< ERROR!
org.mockito.exceptions.misusing.UnnecessaryStubbingException: 

Unnecessary stubbings detected.
Clean & maintainable test code requires zero unnecessary code.
Following stubbings are unnecessary (click to navigate to relevant line of code):
  1. -> at com.example.orderprocessing.unit.domain.notification.NotificationDispatcherTest.dispatch_listenerThrowsError_isolatedAndChannelRecorded(NotificationDispatcherTest.java:322)
Please remove unnecessary stubbings or use 'lenient' strictness. More info: javadoc for UnnecessaryStubbingException class.
	at org.mockito.junit.jupiter.MockitoExtension.afterEach(MockitoExtension.java:192)
	at java.base/java.util.ArrayList.forEach(ArrayList.java:1596)
	at java.base/java.util.ArrayList.forEach(ArrayList.java:1596)

[ERROR] com.example.orderprocessing.unit.domain.notification.NotificationDispatcherTest.dispatch_middleListenerThrows_firstAndThirdStillReceiveEvent -- Time elapsed: 0.002 s <<< ERROR!
org.mockito.exceptions.misusing.UnnecessaryStubbingException: 

Unnecessary stubbings detected.
Clean & maintainable test code requires zero unnecessary code.
Following stubbings are unnecessary (click to navigate to relevant line of code):
  1. -> at com.example.orderprocessing.unit.domain.notification.NotificationDispatcherTest.dispatch_middleListenerThrows_firstAndThirdStillReceiveEvent(NotificationDispatcherTest.java:161)
  2. -> at com.example.orderprocessing.unit.domain.notification.NotificationDispatcherTest.dispatch_middleListenerThrows_firstAndThirdStillReceiveEvent(NotificationDispatcherTest.java:163)
Please remove unnecessary stubbings or use 'lenient' strictness. More info: javadoc for UnnecessaryStubbingException class.
	at org.mockito.junit.jupiter.MockitoExtension.afterEach(MockitoExtension.java:192)
	at java.base/java.util.ArrayList.forEach(ArrayList.java:1596)
	at java.base/java.util.ArrayList.forEach(ArrayList.java:1596)

[ERROR] com.example.orderprocessing.unit.domain.notification.NotificationDispatcherTest.dispatch_allListenersSucceed_failedChannelsEmpty -- Time elapsed: 0 s <<< ERROR!
org.mockito.exceptions.misusing.UnnecessaryStubbingException: 

Unnecessary stubbings detected.
Clean & maintainable test code requires zero unnecessary code.
Following stubbings are unnecessary (click to navigate to relevant line of code):
  1. -> at com.example.orderprocessing.unit.domain.notification.NotificationDispatcherTest.dispatch_allListenersSucceed_failedChannelsEmpty(NotificationDispatcherTest.java:257)
  2. -> at com.example.orderprocessing.unit.domain.notification.NotificationDispatcherTest.dispatch_allListenersSucceed_failedChannelsEmpty(NotificationDispatcherTest.java:258)
Please remove unnecessary stubbings or use 'lenient' strictness. More info: javadoc for UnnecessaryStubbingException class.
	at org.mockito.junit.jupiter.MockitoExtension.afterEach(MockitoExtension.java:192)
	at java.base/java.util.ArrayList.forEach(ArrayList.java:1596)
	at java.base/java.util.ArrayList.forEach(ArrayList.java:1596)

[ERROR] com.example.orderprocessing.unit.domain.notification.NotificationDispatcherTest.getFailedChannels_beforeDispatch_isEmpty -- Time elapsed: 0.001 s <<< ERROR!
org.mockito.exceptions.misusing.UnnecessaryStubbingException: 

Unnecessary stubbings detected.
Clean & maintainable test code requires zero unnecessary code.
Following stubbings are unnecessary (click to navigate to relevant line of code):
  1. -> at com.example.orderprocessing.unit.domain.notification.NotificationDispatcherTest.getFailedChannels_beforeDispatch_isEmpty(NotificationDispatcherTest.java:216)
Please remove unnecessary stubbings or use 'lenient' strictness. More info: javadoc for UnnecessaryStubbingException class.
	at org.mockito.junit.jupiter.MockitoExtension.afterEach(MockitoExtension.java:192)
	at java.base/java.util.ArrayList.forEach(ArrayList.java:1596)
	at java.base/java.util.ArrayList.forEach(ArrayList.java:1596)

[INFO] Running com.example.orderprocessing.unit.domain.pricing.PricingEngineFailureTest
[INFO] Tests run: 6, Failures: 0, Errors: 0, Skipped: 0, Time elapsed: 0.010 s -- in com.example.orderprocessing.unit.domain.pricing.PricingEngineFailureTest
[INFO] Running com.example.orderprocessing.unit.domain.validation.ValidationChainExtensionTest
[INFO] Tests run: 4, Failures: 0, Errors: 0, Skipped: 0, Time elapsed: 0.007 s -- in com.example.orderprocessing.unit.domain.validation.ValidationChainExtensionTest
[INFO] Running com.example.orderprocessing.unit.domain.validation.ValidationRulesTest
[INFO] Running com.example.orderprocessing.unit.domain.validation.ValidationRulesTest$ValidationResultSealedTypeTests
[INFO] Tests run: 2, Failures: 0, Errors: 0, Skipped: 0, Time elapsed: 0.002 s -- in com.example.orderprocessing.unit.domain.validation.ValidationRulesTest$ValidationResultSealedTypeTests
[INFO] Running com.example.orderprocessing.unit.domain.validation.ValidationRulesTest$IdempotencyRuleTests
[INFO] Tests run: 6, Failures: 0, Errors: 0, Skipped: 0, Time elapsed: 0.006 s -- in com.example.orderprocessing.unit.domain.validation.ValidationRulesTest$IdempotencyRuleTests
[INFO] Running com.example.orderprocessing.unit.domain.validation.ValidationRulesTest$KnownSkuRuleTests
[INFO] Tests run: 5, Failures: 0, Errors: 0, Skipped: 0, Time elapsed: 0.006 s -- in com.example.orderprocessing.unit.domain.validation.ValidationRulesTest$KnownSkuRuleTests
[INFO] Running com.example.orderprocessing.unit.domain.validation.ValidationRulesTest$PositiveQuantityRuleTests
[INFO] Tests run: 6, Failures: 0, Errors: 0, Skipped: 0, Time elapsed: 0.006 s -- in com.example.orderprocessing.unit.domain.validation.ValidationRulesTest$PositiveQuantityRuleTests
[INFO] Running com.example.orderprocessing.unit.domain.validation.ValidationRulesTest$NonEmptyItemsRuleTests
[INFO] Tests run: 5, Failures: 0, Errors: 0, Skipped: 0, Time elapsed: 0.011 s -- in com.example.orderprocessing.unit.domain.validation.ValidationRulesTest$NonEmptyItemsRuleTests
[INFO] Tests run: 0, Failures: 0, Errors: 0, Skipped: 0, Time elapsed: 0.040 s -- in com.example.orderprocessing.unit.domain.validation.ValidationRulesTest
[INFO] Running com.example.orderprocessing.unit.infrastructure.inventory.HttpInventoryAdapterTest
2026-05-15T15:36:21.401+04:00  INFO 20160 --- [           main] c.e.o.i.inventory.HttpInventoryAdapter   : Inventory reserved successfully for order=00000000-0000-0000-0000-000000000001
2026-05-15T15:36:21.405+04:00  WARN 20160 --- [           main] c.e.o.i.inventory.HttpInventoryAdapter   : Circuit breaker OPEN for inventory release, order=00000000-0000-0000-0000-000000000001: CircuitBreaker is OPEN
2026-05-15T15:36:21.417+04:00 ERROR 20160 --- [           main] c.e.o.i.inventory.HttpInventoryAdapter   : Transport error reserving inventory for order=00000000-0000-0000-0000-000000000001: 500 Internal Server Error: [no body]
2026-05-15T15:36:21.424+04:00  WARN 20160 --- [           main] c.e.o.i.inventory.HttpInventoryAdapter   : Failed to release inventory reservation for order=00000000-0000-0000-0000-000000000001: I/O error on DELETE request for "/reservations/00000000-0000-0000-0000-000000000001": Connection refused
2026-05-15T15:36:21.429+04:00  WARN 20160 --- [           main] c.e.o.i.inventory.HttpInventoryAdapter   : Circuit breaker OPEN for inventory reserve, order=00000000-0000-0000-0000-000000000001: CircuitBreaker is OPEN
2026-05-15T15:36:21.432+04:00  INFO 20160 --- [           main] c.e.o.i.inventory.HttpInventoryAdapter   : Inventory reservation released for order=00000000-0000-0000-0000-000000000001
2026-05-15T15:36:21.443+04:00  WARN 20160 --- [           main] c.e.o.i.inventory.HttpInventoryAdapter   : Out-of-stock for order=00000000-0000-0000-0000-000000000001, unavailableSkus=[Sku[value=SKU-A], Sku[value=SKU-B]]
2026-05-15T15:36:21.450+04:00 ERROR 20160 --- [           main] c.e.o.i.inventory.HttpInventoryAdapter   : Transport error reserving inventory for order=00000000-0000-0000-0000-000000000001: I/O error on POST request for "/reservations": Connection refused
2026-05-15T15:36:21.459+04:00  WARN 20160 --- [           main] c.e.o.i.inventory.HttpInventoryAdapter   : Out-of-stock for order=00000000-0000-0000-0000-000000000001, unavailableSkus=[]
[INFO] Tests run: 9, Failures: 0, Errors: 0, Skipped: 0, Time elapsed: 0.148 s -- in com.example.orderprocessing.unit.infrastructure.inventory.HttpInventoryAdapterTest
[INFO] Running com.example.orderprocessing.unit.infrastructure.notification.NotificationChannelsTest
2026-05-15T15:36:21.464+04:00  INFO 20160 --- [           main] c.e.o.i.n.SmsNotificationChannel         : [SMS] Order 7428a414-6eb4-4733-82de-345427556395 transitioned from SHIPPED to DELIVERED at 2026-05-15T11:36:21.463233900Z
2026-05-15T15:36:21.466+04:00  INFO 20160 --- [           main] c.e.o.i.n.SmsNotificationChannel         : [SMS] Order 984c2f77-6f63-4b32-80f1-8f35ef1f4ffb transitioned from CONFIRMED to SHIPPED at 2026-05-15T11:36:21.465241600Z
2026-05-15T15:36:21.467+04:00  INFO 20160 --- [           main] c.e.o.i.n.EmailNotificationChannel       : [EMAIL] Order 97a849aa-1fc6-41ab-962e-79bee83e5e58 transitioned from RESERVED to CONFIRMED at 2026-05-15T11:36:21.466238200Z
2026-05-15T15:36:21.469+04:00  INFO 20160 --- [           main] c.e.o.i.n.WebhookNotificationChannel     : [WEBHOOK] Order 07976502-cc92-4c36-8a75-72a4d1eef51c transitioned from RESERVED to FAILED at 2026-05-15T11:36:21.468241300Z
2026-05-15T15:36:21.472+04:00  INFO 20160 --- [           main] c.e.o.i.n.WebhookNotificationChannel     : [WEBHOOK] Order 624fe255-a3d5-442d-b11d-b965237d4d62 transitioned from CREATED to VALIDATED at 2026-05-15T11:36:21.470747900Z
2026-05-15T15:36:21.473+04:00  INFO 20160 --- [           main] c.e.o.i.n.EmailNotificationChannel       : [EMAIL] Order 5ddb6d32-21c4-4e59-8f7a-bc415bd723b2 transitioned from null to CREATED at 2026-05-15T11:36:21.473810400Z
2026-05-15T15:36:21.475+04:00  INFO 20160 --- [           main] c.e.o.i.n.WebhookNotificationChannel     : [WEBHOOK] Order 5645e3c2-ac6b-444e-b827-502d390686d0 transitioned from null to CREATED at 2026-05-15T11:36:21.474809200Z
2026-05-15T15:36:21.477+04:00  INFO 20160 --- [           main] c.e.o.i.n.WebhookNotificationChannel     : [WEBHOOK] Order affdb03e-8a89-4c1f-82f9-bdf9969bd4db transitioned from RESERVED to CONFIRMED at 2026-05-15T11:36:21.476809100Z
2026-05-15T15:36:21.479+04:00  INFO 20160 --- [           main] c.e.o.i.n.EmailNotificationChannel       : [EMAIL] Order 4d7bcd7c-7200-4d52-b60a-2b819ad432e9 transitioned from RESERVED to CONFIRMED at 2026-05-15T11:36:21.478949500Z
2026-05-15T15:36:21.479+04:00  INFO 20160 --- [           main] c.e.o.i.n.SmsNotificationChannel         : [SMS] Order 4d7bcd7c-7200-4d52-b60a-2b819ad432e9 transitioned from RESERVED to CONFIRMED at 2026-05-15T11:36:21.478949500Z
2026-05-15T15:36:21.479+04:00  INFO 20160 --- [           main] c.e.o.i.n.WebhookNotificationChannel     : [WEBHOOK] Order 4d7bcd7c-7200-4d52-b60a-2b819ad432e9 transitioned from RESERVED to CONFIRMED at 2026-05-15T11:36:21.478949500Z
2026-05-15T15:36:21.482+04:00  INFO 20160 --- [           main] c.e.o.i.n.SmsNotificationChannel         : [SMS] Order 217bc5f8-69de-4eba-8bdd-12b5562cae7b transitioned from RESERVED to CONFIRMED at 2026-05-15T11:36:21.482978600Z
2026-05-15T15:36:21.485+04:00  INFO 20160 --- [           main] c.e.o.i.n.EmailNotificationChannel       : [EMAIL] Order 8b42df0e-fc35-42ad-9ffb-35015a9531b3 transitioned from CONFIRMED to CANCELLED at 2026-05-15T11:36:21.484575300Z
2026-05-15T15:36:21.487+04:00  INFO 20160 --- [           main] c.e.o.i.n.EmailNotificationChannel       : [EMAIL] Order 4c242f81-fb8c-4343-93a5-1e43f140e87a transitioned from CREATED to FAILED at 2026-05-15T11:36:21.487086600Z
2026-05-15T15:36:21.488+04:00  INFO 20160 --- [           main] c.e.o.i.n.SmsNotificationChannel         : [SMS] Order 370b2ad6-f688-43ef-8765-66d3c525d6c4 transitioned from null to CREATED at 2026-05-15T11:36:21.488091500Z
[INFO] Tests run: 18, Failures: 0, Errors: 0, Skipped: 0, Time elapsed: 0.028 s -- in com.example.orderprocessing.unit.infrastructure.notification.NotificationChannelsTest
[INFO] Running com.example.orderprocessing.unit.infrastructure.payment.HttpPaymentAdapterTest
2026-05-15T15:36:21.497+04:00 ERROR 20160 --- [           main] c.e.o.i.payment.HttpPaymentAdapter       : Transport error authorizing payment for order=c6b46165-bc14-465d-9e04-4a2bafed3b99: 500 Internal Server Error: [no body]
2026-05-15T15:36:21.503+04:00  WARN 20160 --- [           main] c.e.o.i.payment.HttpPaymentAdapter       : Payment declined for order=46701863-1166-4c42-a7c5-3819e9c48866, reason=card_expired
2026-05-15T15:36:21.508+04:00  INFO 20160 --- [           main] c.e.o.i.payment.HttpPaymentAdapter       : Payment authorization voided for order=fd438045-feba-4768-ae6f-3d5eca4f4949
2026-05-15T15:36:21.511+04:00  WARN 20160 --- [           main] c.e.o.i.payment.HttpPaymentAdapter       : Failed to void payment authorization for order=caaa6252-5eb1-4346-be0e-092a2fb58fa5: 503 Service Unavailable: [no body]
2026-05-15T15:36:21.515+04:00  WARN 20160 --- [           main] c.e.o.i.payment.HttpPaymentAdapter       : Payment declined for order=f3c0ff56-69db-43cf-b7a6-1c97215f7958, reason=insufficient_funds
2026-05-15T15:36:21.518+04:00  WARN 20160 --- [           main] c.e.o.i.payment.HttpPaymentAdapter       : Payment circuit breaker open for order=d4b8729c-42c0-42d3-b9c5-84ac461bbde1: circuit open
2026-05-15T15:36:21.524+04:00  WARN 20160 --- [           main] c.e.o.i.payment.HttpPaymentAdapter       : Payment declined for order=7ab79377-86ff-42e2-a9ef-46f9d04288ec, reason=Payment declined by provider
2026-05-15T15:36:21.530+04:00  INFO 20160 --- [           main] c.e.o.i.payment.HttpPaymentAdapter       : Payment authorized for order=a83851cb-38d6-4a48-b9d2-87b4af0cc7b3
2026-05-15T15:36:21.533+04:00  WARN 20160 --- [           main] c.e.o.i.payment.HttpPaymentAdapter       : Payment circuit breaker open; skipping void authorization for order=a303505d-f212-4dc5-a298-aa85f778828a: circuit open
2026-05-15T15:36:21.538+04:00  INFO 20160 --- [           main] c.e.o.i.payment.HttpPaymentAdapter       : Payment authorized for order=ae40cc03-7eb6-400d-8730-89d9d24636b8
2026-05-15T15:36:21.544+04:00 ERROR 20160 --- [           main] c.e.o.i.payment.HttpPaymentAdapter       : Transport error authorizing payment for order=caf1af52-8e56-4dc3-8638-3a29cab00933: 503 Service Unavailable: [no body]
[INFO] Tests run: 11, Failures: 0, Errors: 0, Skipped: 0, Time elapsed: 0.056 s -- in com.example.orderprocessing.unit.infrastructure.payment.HttpPaymentAdapterTest
[INFO] Running com.example.orderprocessing.unit.serialization.MalformedJsonRejectionTest
[INFO] Tests run: 9, Failures: 0, Errors: 0, Skipped: 0, Time elapsed: 0.079 s -- in com.example.orderprocessing.unit.serialization.MalformedJsonRejectionTest
[INFO] Running com.example.orderprocessing.property.cache.CachePopulationIdempotenceProperties
timestamp = 2026-05-15T15:36:22.062538200, CachePopulationIdempotenceProperties:repeatedPutWithIdenticalStateIsIdempotent = 
                              |-----------------------jqwik-----------------------
tries = 1000                  | # of calls to property
checks = 1000                 | # of not rejected calls
generation = RANDOMIZED       | parameters are randomly generated
after-failure = SAMPLE_FIRST  | try previously failed sample, then previous seed
when-fixed-seed = ALLOW       | fixing the random seed is allowed
edge-cases#mode = MIXIN       | edge cases are mixed in
edge-cases#total = 64         | # of all combined edge cases
edge-cases#tried = 64         | # of edge cases tried in current run
seed = 3889392012884744560    | random seed to reproduce generated values


timestamp = 2026-05-15T15:36:22.115677, CachePopulationIdempotenceProperties:repeatedPutDoesNotDuplicateCacheEntries = 
                              |-----------------------jqwik-----------------------
tries = 1000                  | # of calls to property
checks = 1000                 | # of not rejected calls
generation = RANDOMIZED       | parameters are randomly generated
after-failure = SAMPLE_FIRST  | try previously failed sample, then previous seed
when-fixed-seed = ALLOW       | fixing the random seed is allowed
edge-cases#mode = MIXIN       | edge cases are mixed in
edge-cases#total = 64         | # of all combined edge cases
edge-cases#tried = 64         | # of edge cases tried in current run
seed = -3124652222141815257   | random seed to reproduce generated values


[INFO] Tests run: 2, Failures: 0, Errors: 0, Skipped: 0, Time elapsed: 0.432 s -- in com.example.orderprocessing.property.cache.CachePopulationIdempotenceProperties
[INFO] Running com.example.orderprocessing.property.concurrency.OrderSerializationInvariantProperties
timestamp = 2026-05-15T15:36:22.158154400, OrderSerializationInvariantProperties:concurrentMutationsProduceFinalStatusReachableBySequentialOrdering = 
                              |-----------------------jqwik-----------------------
tries = 5                     | # of calls to property
checks = 5                    | # of not rejected calls
generation = EXHAUSTIVE       | parameters are exhaustively generated
after-failure = SAMPLE_FIRST  | try previously failed sample, then previous seed
when-fixed-seed = ALLOW       | fixing the random seed is allowed
edge-cases#mode = MIXIN       | edge cases are mixed in
edge-cases#total = 0          | # of all combined edge cases
edge-cases#tried = 0          | # of edge cases tried in current run
seed = 2962423920016377026    | random seed to reproduce generated values


[INFO] Tests run: 1, Failures: 0, Errors: 0, Skipped: 0, Time elapsed: 0.037 s -- in com.example.orderprocessing.property.concurrency.OrderSerializationInvariantProperties
[INFO] Running com.example.orderprocessing.property.lifecycle.LifecycleTransitionProperties
timestamp = 2026-05-15T15:36:22.169176900, LifecycleTransitionProperties:onlyGraphDefinedTransitionsAreAccepted = 
                              |-----------------------jqwik-----------------------
tries = 81                    | # of calls to property
checks = 81                   | # of not rejected calls
generation = EXHAUSTIVE       | parameters are exhaustively generated
after-failure = SAMPLE_FIRST  | try previously failed sample, then previous seed
when-fixed-seed = ALLOW       | fixing the random seed is allowed
edge-cases#mode = MIXIN       | edge cases are mixed in
edge-cases#total = 0          | # of all combined edge cases
edge-cases#tried = 0          | # of edge cases tried in current run
seed = -1520073903079899560   | random seed to reproduce generated values


[INFO] Tests run: 1, Failures: 0, Errors: 0, Skipped: 0, Time elapsed: 0.011 s -- in com.example.orderprocessing.property.lifecycle.LifecycleTransitionProperties
[INFO] Running com.example.orderprocessing.property.lifecycle.TerminalStateProperties
timestamp = 2026-05-15T15:36:22.177209, TerminalStateProperties:noTransitionPermittedFromDelivered = 
                              |-----------------------jqwik-----------------------
tries = 9                     | # of calls to property
checks = 9                    | # of not rejected calls
generation = EXHAUSTIVE       | parameters are exhaustively generated
after-failure = SAMPLE_FIRST  | try previously failed sample, then previous seed
when-fixed-seed = ALLOW       | fixing the random seed is allowed
edge-cases#mode = MIXIN       | edge cases are mixed in
edge-cases#total = 0          | # of all combined edge cases
edge-cases#tried = 0          | # of edge cases tried in current run
seed = -7391314185493158446   | random seed to reproduce generated values


timestamp = 2026-05-15T15:36:22.181225300, TerminalStateProperties:noTransitionPermittedFromFailed = 
                              |-----------------------jqwik-----------------------
tries = 9                     | # of calls to property
checks = 9                    | # of not rejected calls
generation = EXHAUSTIVE       | parameters are exhaustively generated
after-failure = SAMPLE_FIRST  | try previously failed sample, then previous seed
when-fixed-seed = ALLOW       | fixing the random seed is allowed
edge-cases#mode = MIXIN       | edge cases are mixed in
edge-cases#total = 0          | # of all combined edge cases
edge-cases#tried = 0          | # of edge cases tried in current run
seed = -8650827833027870728   | random seed to reproduce generated values


timestamp = 2026-05-15T15:36:22.184230800, TerminalStateProperties:noTransitionPermittedFromCancelled = 
                              |-----------------------jqwik-----------------------
tries = 9                     | # of calls to property
checks = 9                    | # of not rejected calls
generation = EXHAUSTIVE       | parameters are exhaustively generated
after-failure = SAMPLE_FIRST  | try previously failed sample, then previous seed
when-fixed-seed = ALLOW       | fixing the random seed is allowed
edge-cases#mode = MIXIN       | edge cases are mixed in
edge-cases#total = 0          | # of all combined edge cases
edge-cases#tried = 0          | # of edge cases tried in current run
seed = -8499289697060438806   | random seed to reproduce generated values


[INFO] Tests run: 3, Failures: 0, Errors: 0, Skipped: 0, Time elapsed: 0.014 s -- in com.example.orderprocessing.property.lifecycle.TerminalStateProperties
[INFO] Running com.example.orderprocessing.property.pricing.IdempotentChainStabilityProperties
timestamp = 2026-05-15T15:36:22.304419600, IdempotentChainStabilityProperties:idempotentChainAppliedTwiceYieldsSameGrandTotal = 
                              |-----------------------jqwik-----------------------
tries = 1000                  | # of calls to property
checks = 1000                 | # of not rejected calls
generation = RANDOMIZED       | parameters are randomly generated
after-failure = SAMPLE_FIRST  | try previously failed sample, then previous seed
when-fixed-seed = ALLOW       | fixing the random seed is allowed
edge-cases#mode = MIXIN       | edge cases are mixed in
edge-cases#total = 32         | # of all combined edge cases
edge-cases#tried = 32         | # of edge cases tried in current run
seed = -3446039844933367136   | random seed to reproduce generated values


[INFO] Tests run: 1, Failures: 0, Errors: 0, Skipped: 0, Time elapsed: 0.121 s -- in com.example.orderprocessing.property.pricing.IdempotentChainStabilityProperties
[INFO] Running com.example.orderprocessing.property.pricing.NoOpChainIdentityProperties
timestamp = 2026-05-15T15:36:22.352740900, NoOpChainIdentityProperties:noOpChainYieldsGrandTotalEqualToSubtotal = 
                              |-----------------------jqwik-----------------------
tries = 1000                  | # of calls to property
checks = 1000                 | # of not rejected calls
generation = RANDOMIZED       | parameters are randomly generated
after-failure = SAMPLE_FIRST  | try previously failed sample, then previous seed
when-fixed-seed = ALLOW       | fixing the random seed is allowed
edge-cases#mode = MIXIN       | edge cases are mixed in
edge-cases#total = 16         | # of all combined edge cases
edge-cases#tried = 16         | # of edge cases tried in current run
seed = 2016031088256921522    | random seed to reproduce generated values


[INFO] Tests run: 1, Failures: 0, Errors: 0, Skipped: 0, Time elapsed: 0.046 s -- in com.example.orderprocessing.property.pricing.NoOpChainIdentityProperties
[INFO] Running com.example.orderprocessing.property.pricing.PricingNonNegativityProperties
timestamp = 2026-05-15T15:36:22.407476400, PricingNonNegativityProperties:allPricingTotalsAreNonNegative = 
                              |-----------------------jqwik-----------------------
tries = 1000                  | # of calls to property
checks = 1000                 | # of not rejected calls
generation = RANDOMIZED       | parameters are randomly generated
after-failure = SAMPLE_FIRST  | try previously failed sample, then previous seed
when-fixed-seed = ALLOW       | fixing the random seed is allowed
edge-cases#mode = MIXIN       | edge cases are mixed in
edge-cases#total = 32         | # of all combined edge cases
edge-cases#tried = 32         | # of edge cases tried in current run
seed = -5059109658035415508   | random seed to reproduce generated values


[INFO] Tests run: 1, Failures: 0, Errors: 0, Skipped: 0, Time elapsed: 0.053 s -- in com.example.orderprocessing.property.pricing.PricingNonNegativityProperties
[INFO] Running com.example.orderprocessing.property.pricing.PricingTotalInvariantProperties
timestamp = 2026-05-15T15:36:22.455909500, PricingTotalInvariantProperties:grandTotalEqualsSubtotalMinusDiscountPlusTaxPlusShipping = 
                              |-----------------------jqwik-----------------------
tries = 1000                  | # of calls to property
checks = 1000                 | # of not rejected calls
generation = RANDOMIZED       | parameters are randomly generated
after-failure = SAMPLE_FIRST  | try previously failed sample, then previous seed
when-fixed-seed = ALLOW       | fixing the random seed is allowed
edge-cases#mode = MIXIN       | edge cases are mixed in
edge-cases#total = 32         | # of all combined edge cases
edge-cases#tried = 32         | # of edge cases tried in current run
seed = 7592615923391354239    | random seed to reproduce generated values


[INFO] Tests run: 1, Failures: 0, Errors: 0, Skipped: 0, Time elapsed: 0.048 s -- in com.example.orderprocessing.property.pricing.PricingTotalInvariantProperties
[INFO] Running com.example.orderprocessing.property.serialization.OrderSerializationRoundTripProperties
2026-05-15T15:36:22.541+04:00  INFO 20160 --- [           main] n.j.e.p.RandomizedShrinkablesGenerator   : Edge case generation exceeds number of tries. Stopped after 1000 generated cases.
timestamp = 2026-05-15T15:36:23.171655400, OrderSerializationRoundTripProperties:serializationRoundTripPreservesSemanticEquivalence = 
                              |-----------------------jqwik-----------------------
tries = 1000                  | # of calls to property
checks = 1000                 | # of not rejected calls
generation = RANDOMIZED       | parameters are randomly generated
after-failure = SAMPLE_FIRST  | try previously failed sample, then previous seed
when-fixed-seed = ALLOW       | fixing the random seed is allowed
edge-cases#mode = MIXIN       | edge cases are mixed in
edge-cases#total = 1000       | # of all combined edge cases
edge-cases#tried = 166        | # of edge cases tried in current run
seed = 8088696512031717354    | random seed to reproduce generated values


[INFO] Tests run: 1, Failures: 0, Errors: 0, Skipped: 0, Time elapsed: 0.715 s -- in com.example.orderprocessing.property.serialization.OrderSerializationRoundTripProperties
[INFO] 
[INFO] Results:
[INFO] 
[ERROR] Errors: 
[ERROR]   NotificationDispatcherTest.dispatch_allListenersSucceed_failedChannelsEmpty ┬╗ UnnecessaryStubbing 
Unnecessary stubbings detected.
Clean & maintainable test code requires zero unnecessary code.
Following stubbings are unnecessary (click to navigate to relevant line of code):
  1. -> at com.example.orderprocessing.unit.domain.notification.NotificationDispatcherTest.dispatch_allListenersSucceed_failedChannelsEmpty(NotificationDispatcherTest.java:257)
  2. -> at com.example.orderprocessing.unit.domain.notification.NotificationDispatcherTest.dispatch_allListenersSucceed_failedChannelsEmpty(NotificationDispatcherTest.java:258)
Please remove unnecessary stubbings or use 'lenient' strictness. More info: javadoc for UnnecessaryStubbingException class.
[ERROR]   NotificationDispatcherTest.dispatch_firstListenerThrows_remainingListenersStillReceiveEvent ┬╗ UnnecessaryStubbing 
Unnecessary stubbings detected.
Clean & maintainable test code requires zero unnecessary code.
Following stubbings are unnecessary (click to navigate to relevant line of code):
  1. -> at com.example.orderprocessing.unit.domain.notification.NotificationDispatcherTest.dispatch_firstListenerThrows_remainingListenersStillReceiveEvent(NotificationDispatcherTest.java:143)
  2. -> at com.example.orderprocessing.unit.domain.notification.NotificationDispatcherTest.dispatch_firstListenerThrows_remainingListenersStillReceiveEvent(NotificationDispatcherTest.java:144)
Please remove unnecessary stubbings or use 'lenient' strictness. More info: javadoc for UnnecessaryStubbingException class.
[ERROR]   NotificationDispatcherTest.dispatch_lastListenerThrows_firstAndSecondStillReceiveEvent ┬╗ UnnecessaryStubbing 
Unnecessary stubbings detected.
Clean & maintainable test code requires zero unnecessary code.
Following stubbings are unnecessary (click to navigate to relevant line of code):
  1. -> at com.example.orderprocessing.unit.domain.notification.NotificationDispatcherTest.dispatch_lastListenerThrows_firstAndSecondStillReceiveEvent(NotificationDispatcherTest.java:179)
  2. -> at com.example.orderprocessing.unit.domain.notification.NotificationDispatcherTest.dispatch_lastListenerThrows_firstAndSecondStillReceiveEvent(NotificationDispatcherTest.java:180)
Please remove unnecessary stubbings or use 'lenient' strictness. More info: javadoc for UnnecessaryStubbingException class.
[ERROR]   NotificationDispatcherTest.dispatch_listenerThrowsError_isolatedAndChannelRecorded ┬╗ UnnecessaryStubbing 
Unnecessary stubbings detected.
Clean & maintainable test code requires zero unnecessary code.
Following stubbings are unnecessary (click to navigate to relevant line of code):
  1. -> at com.example.orderprocessing.unit.domain.notification.NotificationDispatcherTest.dispatch_listenerThrowsError_isolatedAndChannelRecorded(NotificationDispatcherTest.java:322)
Please remove unnecessary stubbings or use 'lenient' strictness. More info: javadoc for UnnecessaryStubbingException class.
[ERROR]   NotificationDispatcherTest.dispatch_middleListenerThrows_firstAndThirdStillReceiveEvent ┬╗ UnnecessaryStubbing 
Unnecessary stubbings detected.
Clean & maintainable test code requires zero unnecessary code.
Following stubbings are unnecessary (click to navigate to relevant line of code):
  1. -> at com.example.orderprocessing.unit.domain.notification.NotificationDispatcherTest.dispatch_middleListenerThrows_firstAndThirdStillReceiveEvent(NotificationDispatcherTest.java:161)
  2. -> at com.example.orderprocessing.unit.domain.notification.NotificationDispatcherTest.dispatch_middleListenerThrows_firstAndThirdStillReceiveEvent(NotificationDispatcherTest.java:163)
Please remove unnecessary stubbings or use 'lenient' strictness. More info: javadoc for UnnecessaryStubbingException class.
[ERROR]   NotificationDispatcherTest.dispatch_multipleListenersThrow_allFailedChannelsRecorded ┬╗ UnnecessaryStubbing 
Unnecessary stubbings detected.
Clean & maintainable test code requires zero unnecessary code.
Following stubbings are unnecessary (click to navigate to relevant line of code):
  1. -> at com.example.orderprocessing.unit.domain.notification.NotificationDispatcherTest.dispatch_multipleListenersThrow_allFailedChannelsRecorded(NotificationDispatcherTest.java:241)
Please remove unnecessary stubbings or use 'lenient' strictness. More info: javadoc for UnnecessaryStubbingException class.
[ERROR]   NotificationDispatcherTest.dispatch_multipleListeners_allReceiveEvent ┬╗ UnnecessaryStubbing 
Unnecessary stubbings detected.
Clean & maintainable test code requires zero unnecessary code.
Following stubbings are unnecessary (click to navigate to relevant line of code):
  1. -> at com.example.orderprocessing.unit.domain.notification.NotificationDispatcherTest.dispatch_multipleListeners_allReceiveEvent(NotificationDispatcherTest.java:110)
  2. -> at com.example.orderprocessing.unit.domain.notification.NotificationDispatcherTest.dispatch_multipleListeners_allReceiveEvent(NotificationDispatcherTest.java:111)
  3. -> at com.example.orderprocessing.unit.domain.notification.NotificationDispatcherTest.dispatch_multipleListeners_allReceiveEvent(NotificationDispatcherTest.java:112)
Please remove unnecessary stubbings or use 'lenient' strictness. More info: javadoc for UnnecessaryStubbingException class.
[ERROR]   NotificationDispatcherTest.dispatch_singleListener_receivesEvent ┬╗ UnnecessaryStubbing 
Unnecessary stubbings detected.
Clean & maintainable test code requires zero unnecessary code.
Following stubbings are unnecessary (click to navigate to relevant line of code):
  1. -> at com.example.orderprocessing.unit.domain.notification.NotificationDispatcherTest.dispatch_singleListener_receivesEvent(NotificationDispatcherTest.java:98)
Please remove unnecessary stubbings or use 'lenient' strictness. More info: javadoc for UnnecessaryStubbingException class.
[ERROR]   NotificationDispatcherTest.getFailedChannels_beforeDispatch_isEmpty ┬╗ UnnecessaryStubbing 
Unnecessary stubbings detected.
Clean & maintainable test code requires zero unnecessary code.
Following stubbings are unnecessary (click to navigate to relevant line of code):
  1. -> at com.example.orderprocessing.unit.domain.notification.NotificationDispatcherTest.getFailedChannels_beforeDispatch_isEmpty(NotificationDispatcherTest.java:216)
Please remove unnecessary stubbings or use 'lenient' strictness. More info: javadoc for UnnecessaryStubbingException class.
[INFO] 
[ERROR] Tests run: 278, Failures: 0, Errors: 9, Skipped: 0
[INFO] 
[INFO] ------------------------------------------------------------------------
[INFO] BUILD FAILURE
[INFO] ------------------------------------------------------------------------
[INFO] Total time:  44.852 s
[INFO] Finished at: 2026-05-15T15:36:24+04:00
[INFO] ------------------------------------------------------------------------
[ERROR] Failed to execute goal org.apache.maven.plugins:maven-surefire-plugin:3.2.5:test (default-test) on project order-processing-service: 
[ERROR] 
[ERROR] Please refer to C:\Users\User\Desktop\apps\repos\ecom-order-processing\target\surefire-reports for the individual test results.
[ERROR] Please refer to dump files (if any exist) [date].dump, [date]-jvmRun[N].dump and [date].dumpstream.
[ERROR] -> [Help 1]
[ERROR] 
[ERROR] To see the full stack trace of the errors, re-run Maven with the -e switch.
[ERROR] Re-run Maven using the -X switch to enable full debug logging.
[ERROR] 
[ERROR] For more information about the errors and possible solutions, please read the following articles:
[ERROR] [Help 1] http://cwiki.apache.org/confluence/display/MAVEN/MojoFailureException
